******************************************************************************
                  TI ARM Linker PC v16.9.6                     
******************************************************************************
>> Linked Tue Oct 11 02:22:22 2022

OUTPUT FILE NAME:   <mrr_18xx_mss.xer4f>
ENTRY POINT SYMBOL: "_c_int00"  address: 0000f4ec


MEMORY CONFIGURATION

         name            origin    length      used     unused   attr    fill
----------------------  --------  ---------  --------  --------  ----  --------
  VECTORS               00000000   00000100  0000003c  000000c4     X
  PROG_RAM              00000100   0007ff00  00016254  00069cac  R  X
  DATA_RAM              08000000   00030000  0000c550  00023ab0  RW  
  HWA_RAM               52030000   00010000  00000000  00010000  RW  
  HS_RAM                52080000   00008000  00000000  00008000  RW  


SEGMENT ALLOCATION MAP

run origin  load origin   length   init length attrs members
----------  ----------- ---------- ----------- ----- -------
00000000    00000000    0000003c   0000003c    r--
  00000000    00000000    0000003c   0000003c    r-- .vecs
00000100    00000100    00016258   00016258    r-x
  00000100    00000100    000137e4   000137e4    r-x .text
  000138e4    000138e4    00002720   00002720    r-- .const
  00016008    00016008    00000350   00000350    r-- .cinit
08000000    08000000    0000c550   00000000    rw-
  08000000    08000000    00008000   00000000    rw- systemHeap
  08008000    08008000    00001e80   00000000    rw- .bss
  08009e80    08009e80    00001000   00000000    rw- .stack
  0800ae80    0800ae80    00000ed0   00000000    rw- .data
  0800bd50    0800bd50    00000800   00000000    rw- .myFiqStack


SECTION ALLOCATION MAP

 output                                  attributes/
section   page    origin      length       input sections
--------  ----  ----------  ----------   ----------------
.text      0    00000100    000137e4     
                  00000100    0000107a     rtsv7R4_T_le_v3D16_eabi.lib : _printfi.obj (.text)
                  0000117a    00000006     libosal_xwr18xx.aer4f : HwiP_tirtos.oer4f (.text:HwiP_restore)
                  00001180    00000750     sysbios.aer4f : BIOS.obj (.text:xdc_runtime_System_doPrint__I)
                  000018d0    000004fc                   : BIOS.obj (.text:ti_sysbios_knl_Semaphore_pend__E)
                  00001dcc    0000049c     mss_main.obj (.text:MRR_MSS_initTask)
                  00002268    00000008     libosal_xwr18xx.aer4f : HwiP_tirtos.oer4f (.text:HwiP_disable)
                  00002270    000003f0     sysbios.aer4f : BIOS.obj (.text:ti_sysbios_heaps_HeapMem_freeUnprotected__E)
                  00002660    00000388                   : BIOS.obj (.text:ti_sysbios_knl_Task_Instance_finalize__E)
                  000029e8    00000008     libmmwave_xwr18xx.aer4f : mmwave.oer4f (.text:MMWave_decodeErrorLevel)
                  000029f0    00000354     sysbios.aer4f : BIOS.obj (.text:ti_sysbios_heaps_HeapMem_allocUnprotected__E)
                  00002d44    0000000c     libmmwave_xwr18xx.aer4f : mmwave_dualcore.oer4f (.text:MMWave_deviceMailboxCallbackFxn)
                  00002d50    0000030c     sysbios.aer4f : BIOS.obj (.text:ti_sysbios_knl_Task_sleep__E)
                  0000305c    00000308     libsoc_xwr18xx.aer4f : soc_xwr18xx_mss.oer4f (.text:SOC_deviceInit)
                  00003364    0000000c     libmmwave_xwr18xx.aer4f : mmwave_osal.oer4f (.text:MMWave_osalMutexUnlock)
                  00003370    000002fc     sysbios.aer4f : BIOS.obj (.text:ti_sysbios_family_arm_exc_Exception_excDumpContext__I)
                  0000366c    00000004     libosal_xwr18xx.aer4f : HwiP_tirtos.oer4f (.text:HwiP_disableInterrupt)
                  00003670    000002d4     sysbios.aer4f : BIOS.obj (.text:ti_sysbios_family_arm_v7r_vim_Hwi_dispatchIRQC__I)
                  00003944    0000000c     libmmwave_xwr18xx.aer4f : mmwave_osal.oer4f (.text:MMWave_osalSemSignal)
                  00003950    000002cc     sysbios.aer4f : BIOS.obj (.text:ti_sysbios_knl_Task_Instance_init__E)
                  00003c1c    000002b8     rtsv7R4_T_le_v3D16_eabi.lib : ull_div32.obj (.text)
                  00003ed4    000002a8     libcanfd_xwr18xx.aer4f : mcan.oer4f (.text:MCAN_msgRAMConfig)
                  0000417c    00000004     libosal_xwr18xx.aer4f : HwiP_tirtos.oer4f (.text:HwiP_enableInterrupt)
                  00004180    0000029c     sysbios.aer4f : BIOS.obj (.text:ti_sysbios_family_arm_exc_Exception_excHandler__I)
                  0000441c    00000284     libmmwave_xwr18xx.aer4f : mmwave_dualcore.oer4f (.text:MMWave_deviceExecuteFxn)
                  000046a0    00000278     mss_main.obj (.text:Can_Initialize)
                  00004918    00000008     libmmwave_xwr18xx.aer4f : mmwave_link.oer4f (.text:MMWave_mboxCallbackFxn)
                  00004920    00000264     sysbios.aer4f : BIOS.obj (.text:xdc_runtime_Error_policyDefault__E)
                  00004b84    00000260     libmailbox_xwr18xx.aer4f : mailbox.oer4f (.text:Mailbox_open)
                  00004de4    0000000c     mss_main.obj (.text:MmwDemo_mboxCallback)
                  00004df0    00000260     sysbios.aer4f : BIOS.obj (.text:ti_sysbios_knl_Semaphore_post__E)
                  00005050    00000260                   : BIOS.obj (.text:ti_sysbios_knl_Task_Module_startup__E)
                  000052b0    00000254                   : BIOS.obj (.text:ti_sysbios_knl_Event_post__E)
                  00005504    00000250     mss_mrr_cli.obj (.text:MRR_MSS_CLIAdvancedFrameCfg)
                  00005754    00000240     libcanfd_xwr18xx.aer4f : canfd.oer4f (.text:CANFD_init)
                  00005994    00000238     mss_main.obj (.text:MmwDemo_mboxReadTask)
                  00005bcc    00000004     libmmwave_xwr18xx.aer4f : mmwave_link.oer4f (.text:MMWave_disableDevice)
                  00005bd0    00000238     sysbios.aer4f : BIOS.obj (.text:ti_sysbios_timers_rti_Timer_Module_startup__E)
                  00005e08    00000214     libuart_xwr18xx.aer4f : uartsci.oer4f (.text:UartSci_open)
                  0000601c    00000200     libcrc_xwr18xx.aer4f : crc.oer4f (.text:CRC_open)
                  0000621c    00000004     libmmwave_xwr18xx.aer4f : mmwave_link.oer4f (.text:MMWave_enableDevice)
                  00006220    000001f8     sysbios.aer4f : BIOS.obj (.text:ti_sysbios_family_arm_v7r_vim_Hwi_reconfig__E)
                  00006418    00000008     libosal_xwr18xx.aer4f : SemaphoreP_tirtos.oer4f (.text:SemaphoreP_Params_init)
                  00006420    000001f8     sysbios.aer4f : BIOS.obj (.text:ti_sysbios_heaps_HeapMem_Instance_init__E)
                  00006618    000001f0     libDMA_xwr18xx.aer4f : dma.oer4f (.text:DMA_setChannelParams)
                  00006808    00000008     libmmwavelink_xwr18xx.aer4f : rl_driver.oer4f (.text:rlDriverConstructOutMsg)
                  00006810    000001ec     sysbios.aer4f : BIOS.obj (.text:xdc_runtime_Core_createObject__I)
                  000069fc    000001e8     mss_mrr_cli.obj (.text:MRR_MSS_CLIInit)
                  00006be4    000001d8     mss_mrr_cli.obj (.text:MRR_MSS_CLIBasicCfg)
                  00006dbc    000001d8     mss_mrr_cli.obj (.text:MRR_MSS_CLICustomFrameCfg)
                  00006f94    0000000c     libuart_xwr18xx.aer4f : UART.oer4f (.text:UART_Params_init)
                  00006fa0    000001d4     sysbios.aer4f : BIOS.obj (.text:ti_sysbios_knl_Clock_workFunc__E)
                  00007174    000001c8     libmmwavelink_xwr18xx.aer4f : rl_driver.oer4f (.text:rlDriverRxHdrRead)
                  0000733c    000001c8     rtsv7R4_T_le_v3D16_eabi.lib : fopen.obj (.text)
                  00007504    000001b0     libmmwavelink_xwr18xx.aer4f : rl_driver.oer4f (.text:rlDriverMsgRead)
                  000076b4    000001a4     libcanfd_xwr18xx.aer4f : canfd.oer4f (.text:CANFD_MCANInt0Isr)
                  00007858    00000008     libmmwavelink_xwr18xx.aer4f : rl_driver.oer4f (.text:rlDriverGetHandle)
                  00007860    000001a0     sysbios.aer4f : BIOS.obj (.text:ti_sysbios_knl_Swi_run__I)
                  00007a00    00000194     libmmwave_xwr18xx.aer4f : mmwave_link.oer4f (.text:MMWave_openLink)
                  00007b94    00000190     libmmwavelink_xwr18xx.aer4f : rl_driver.oer4f (.text:rlDriverCmdInvoke)
                  00007d24    0000000c     libuart_xwr18xx.aer4f : uartsci_dma.oer4f (.text:UartSci_isDMAEnabled)
                  00007d30    00000190     sysbios.aer4f : BIOS.obj (.text:ti_sysbios_family_arm_v7r_vim_Hwi_Instance_init__E)
                  00007ec0    00000190                   : BIOS.obj (.text:xdc_runtime_Core_constructObject__I)
                  00008050    00000188     mss_mrr_per4f.oer4f (.text:xdc_runtime_System_printfExtend__I)
                  000081d8    00000008     mss_mrr_per4f.oer4f (.text:ti_sysbios_family_arm_TaskSupport_Module__startupDone__S)
                  000081e0    00000184     sysbios.aer4f : BIOS.obj (.text:xdc_runtime_Startup_startMods__I)
                  00008364    0000017c     libcanfd_xwr18xx.aer4f : canfd.oer4f (.text:CANFD_createMsgObject)
                  000084e0    00000174     sysbios.aer4f : BIOS.obj (.text:ti_sysbios_family_arm_v7r_vim_Hwi_Module_startup__E)
                  00008654    0000000c     rtsv7R4_T_le_v3D16_eabi.lib : copy_zero_init.obj (.text:decompress:ZI)
                  00008660    00000174     sysbios.aer4f : BIOS.obj (.text:ti_sysbios_heaps_HeapBuf_Module_startup__E)
                  000087d4    0000000c     libmmwavelink_xwr18xx.aer4f : rl_driver.oer4f (.text:rlDriverGetPlatformId)
                  000087e0    00000174     sysbios.aer4f : BIOS.obj (.text:ti_sysbios_timers_rti_Timer_getFreq__E)
                  00008954    0000016c     libsoc_xwr18xx.aer4f : soc_xwr18xx_mss.oer4f (.text:SOC_unhaltDSS)
                  00008ac0    00000160     libcanfd_xwr18xx.aer4f : mcan.oer4f (.text:MCAN_init)
                  00008c20    00000158                            : mcan.oer4f (.text:MCAN_config)
                  00008d78    00000006     libmmwavelink_xwr18xx.aer4f : rl_controller.oer4f (.text:rlGetSubBlockId)
                  00008d7e    00000002     libmmwave_xwr18xx.aer4f : mmwave_link.oer4f (.text:MMWave_maskHostIRQ)
                  00008d80    00000154     sysbios.aer4f : BIOS.obj (.text:ti_sysbios_knl_Task_exit__E)
                  00008ed4    0000014c     libcanfd_xwr18xx.aer4f : mcan.oer4f (.text:MCAN_readMsgRam)
                  00009020    0000014c     libmmwave_xwr18xx.aer4f : mmwave_link.oer4f (.text:MMWave_initMMWaveLink)
                  0000916c    0000014a     libuart_xwr18xx.aer4f : uartsci.oer4f (.text:UartSci_ISR)
                  000092b6    00000002     mss_main.obj (.text:MRR_MSS_closeFxn)
                  000092b8    00000148     libmmwavelink_xwr18xx.aer4f : rl_driver.oer4f (.text:rlDriverCmdSendRetry)
                  00009400    00000148     sysbios.aer4f : BIOS.obj (.text:ti_sysbios_knl_Task_checkStacks__E)
                  00009548    00000006     libmmwavelink_xwr18xx.aer4f : rl_controller.oer4f (.text:rlGetSubBlockLen)
                  0000954e    00000002     mss_main.obj (.text:MRR_MSS_openFxn)
                  00009550    00000138     sysbios.aer4f : BIOS.obj (.text:ti_sysbios_knl_Task_schedule__I)
                  00009688    00000004     libmmwave_xwr18xx.aer4f : mmwave_listlib.oer4f (.text:MMWave_listGetHead)
                  0000968c    00000004                             : mmwave_link.oer4f (.text:MMWave_mboxClose)
                  00009690    00000130     sysbios.aer4f : BIOS.obj (.text:ti_sysbios_knl_Task_startCore__E)
                  000097c0    00000124     cfg.obj (.text:Cfg_DynChirpCfgSetParams)
                  000098e4    0000000c     sysbios.aer4f : tms570_Core_asm.obj (.text:ti_sysbios_family_arm_v7r_tms570_Core_getId__E)
                  000098f0    00000124                   : BIOS.obj (.text:ti_sysbios_gates_GateMutex_enter__E)
                  00009a14    0000000a     libosal_xwr18xx.aer4f : MemoryP_tirtos.oer4f (.text:MemoryP_ctrlFree)
                  00009a1e    00000002     libuart_xwr18xx.aer4f : uartsci.oer4f (.text:UartSci_init)
                  00009a20    00000120     sysbios.aer4f : BIOS.obj (.text:ti_sysbios_knl_Swi_post__E)
                  00009b40    0000011c     libcanfd_xwr18xx.aer4f : canfd.oer4f (.text:CANFD_transmitData)
                  00009c5c    00000004     libmmwave_xwr18xx.aer4f : mmwave_link.oer4f (.text:MMWave_mboxRead)
                  00009c60    0000011c     sysbios.aer4f : BIOS.obj (.text:ti_sysbios_timers_rti_Timer_startup__E)
                  00009d7c    00000118     mss_mrr_cli.obj (.text:MRR_MSS_CLISensorStart)
                  00009e94    00000114     libsoc_xwr18xx.aer4f : soc_xwr18xx_mss.oer4f (.text:SOC_setPeripheralClock)
                  00009fa8    00000110     libcanfd_xwr18xx.aer4f : mcan.oer4f (.text:MCAN_writeMsgRam)
                  0000a0b8    0000010c     libmmwave_xwr18xx.aer4f : mmwave_link.oer4f (.text:MMWave_asyncEventHandler)
                  0000a1c4    0000010c                             : mmwave_dualcore.oer4f (.text:MMWave_deviceInitFxn)
                  0000a2d0    00000108     libDMA_xwr18xx.aer4f : dma.oer4f (.text:DMA_disableInterrupt)
                  0000a3d8    00000108     libmailbox_xwr18xx.aer4f : mailbox.oer4f (.text:Mailbox_write)
                  0000a4e0    00000108     sysbios.aer4f : BIOS.obj (.text:ti_sysbios_knl_Semaphore_Instance_init__E)
                  0000a5e8    00000004     libmmwave_xwr18xx.aer4f : mmwave_link.oer4f (.text:MMWave_registerInterruptHandler)
                  0000a5ec    00000004                             : mmwave_link.oer4f (.text:MMWave_unmaskHostIRQ)
                  0000a5f0    00000106     sysbios.aer4f : BIOS.obj (.text:xdc_runtime_Text_putSite__E)
                  0000a6f6    00000002     rtsv7R4_T_le_v3D16_eabi.lib : i_div0.obj (.text)
                  0000a6f8    00000104     libcanfd_xwr18xx.aer4f : mcan.oer4f (.text:MCAN_setBitTime)
                  0000a7fc    00000104     libmmwave_xwr18xx.aer4f : mmwave_link.oer4f (.text:MMWave_startLink)
                  0000a900    00000100     libDMA_xwr18xx.aer4f : dma.oer4f (.text:DMA_clearChannelInterruptFlag)
                  0000aa00    00000100     libmmwavelink_xwr18xx.aer4f : rl_driver.oer4f (.text:rlDriverInit)
                  0000ab00    00000100     sysbios.aer4f : BIOS.obj (.text:xdc_runtime_Text_putMod__E)
                  0000ac00    000000fc     libcrc_xwr18xx.aer4f : crc.oer4f (.text:CRC_computeSignature)
                  0000acfc    00000004     libmmwave_xwr18xx.aer4f : mmwave_link.oer4f (.text:MMWave_waitIRQStatus)
                  0000ad00    000000fc     sysbios.aer4f : BIOS.obj (.text:ti_sysbios_knl_Task_blockI__E)
                  0000adfc    000000f8     mss_main.obj (.text:MCANAppCallback)
                  0000aef4    000000f8     libmmwavelink_xwr18xx.aer4f : rl_driver.oer4f (.text:rlDriverRdVerifyMsg)
                  0000afec    00000004     libsoc_xwr18xx.aer4f : soc_xwr18xx.oer4f (.text:SOC_ungateClock)
                  0000aff0    000000f8     sysbios.aer4f : BIOS.obj (.text:ti_sysbios_knl_Task_postInit__I)
                  0000b0e8    00000004     mss_mrr_per4f.oer4f (.text:ti_sysbios_BIOS_RtsGateProxy_enter__E)
                  0000b0ec    00000004     mss_mrr_per4f.oer4f (.text:ti_sysbios_BIOS_RtsGateProxy_leave__E)
                  0000b0f0    000000f4     sysbios.aer4f : BIOS.obj (.text:ti_sysbios_family_arm_v7r_vim_Hwi_mapChannel__I)
                  0000b1e4    0000000a     libosal_xwr18xx.aer4f : SemaphoreP_tirtos.oer4f (.text:SemaphoreP_post)
                  0000b1ee    00000002     --HOLE-- [fill = 0]
                  0000b1f0    000000f4     sysbios.aer4f : BIOS.obj (.text:ti_sysbios_knl_Task_unblockI__E)
                  0000b2e4    000000ec     mss_mrr_cli.obj (.text:MRR_MSS_CLISensorStop)
                  0000b3d0    000000ec     auto_init.aer4f : auto_init.oer4f (.text)
                  0000b4bc    000000ec     rtsv7R4_T_le_v3D16_eabi.lib : s_scalbn.obj (.text)
                  0000b5a8    000000e4     libmmwavelink_xwr18xx.aer4f : rl_sensor.oer4f (.text:rlRfPhShiftCalibDataRestore)
                  0000b68c    000000e0     libDMA_xwr18xx.aer4f : dma.oer4f (.text:DMA_enableInterrupt)
                  0000b76c    000000dc     libmmwave_xwr18xx.aer4f : mmwave.oer4f (.text:MMWave_init)
                  0000b848    000000dc     libmmwavelink_xwr18xx.aer4f : rl_driver.oer4f (.text:rlDriverMsgCmdReply)
                  0000b924    000000dc     rtsv7R4_T_le_v3D16_eabi.lib : setvbuf.obj (.text)
                  0000ba00    000000dc     sysbios.aer4f : BIOS.obj (.text:ti_sysbios_family_arm_v7r_vim_Hwi_initIntController__I)
                  0000badc    00000004     mss_mrr_per4f.oer4f (.text:ti_sysbios_BIOS_nullFunc__I)
                  0000bae0    000000dc     sysbios.aer4f : BIOS.obj (.text:xdc_runtime_Memory_alloc__E)
                  0000bbbc    000000d4     libmailbox_xwr18xx.aer4f : mailbox.oer4f (.text:Mailbox_read)
                  0000bc90    000000d0     libsoc_xwr18xx.aer4f : soc_xwr18xx_mss.oer4f (.text:SOC_controlSecureFirewall)
                  0000bd60    000000d0     sysbios.aer4f : exc_Exception_asm.obj (.text:ti_sysbios_family_arm_exc_Exception_excHandlerAsm__I)
                  0000be30    000000cc     libmmwavelink_xwr18xx.aer4f : rl_sensor.oer4f (.text:rlRfCalibDataRestore)
                  0000befc    000000cc                                 : rl_sensor.oer4f (.text:rlSetChirpConfig)
                  0000bfc8    000000cc     rtsv7R4_T_le_v3D16_eabi.lib : fflush.obj (.text)
                  0000c094    0000000a     libuart_xwr18xx.aer4f : UART.oer4f (.text:UART_write)
                  0000c09e    00000002     --HOLE-- [fill = 0]
                  0000c0a0    000000cc     sysbios.aer4f : BIOS.obj (.text:ti_sysbios_timers_rti_Timer_initDevice__I)
                  0000c16c    000000c8     libmmwave_xwr18xx.aer4f : mmwave_fullcfg.oer4f (.text:MMWave_addChirp)
                  0000c234    000000c8                             : mmwave_fullcfg.oer4f (.text:MMWave_flushCfg)
                  0000c2fc    000000c8     libmmwavelink_xwr18xx.aer4f : rl_sensor.oer4f (.text:rlSetFrameConfig)
                  0000c3c4    000000c4     mss_main.obj (.text:main)
                  0000c488    00000004     mss_mrr_per4f.oer4f (.text:ti_sysbios_family_arm_v7r_vim_Hwi_delete)
                  0000c48c    00000004     mss_mrr_per4f.oer4f (.text:ti_sysbios_heaps_HeapMem_Module_GateProxy_enter__E)
                  0000c490    000000c4     sysbios.aer4f : BIOS.obj (.text:ti_sysbios_family_arm_v7r_vim_Hwi_Instance_finalize__E)
                  0000c554    000000c0     libmmwavelink_xwr18xx.aer4f : rl_driver.oer4f (.text:rlDriverMsgWrite)
                  0000c614    000000bc     libmmwave_xwr18xx.aer4f : mmwave_link.oer4f (.text:MMWave_computeCRC)
                  0000c6d0    000000bc     rtsv7R4_T_le_v3D16_eabi.lib : open.obj (.text)
                  0000c78c    00000004     mss_mrr_per4f.oer4f (.text:ti_sysbios_heaps_HeapMem_Module_GateProxy_leave__E)
                  0000c790    000000bc     sysbios.aer4f : BIOS.obj (.text:xdc_runtime_Core_deleteObject__I)
                  0000c84c    000000b8     libDMA_xwr18xx.aer4f : dma.oer4f (.text:DMA_getChannelInterruptFlag)
                  0000c904    000000b6     libsoc_xwr18xx.aer4f : soc_mpu.o (.text)
                  0000c9ba    00000002     --HOLE-- [fill = 0]
                  0000c9bc    000000b4     mss_main.obj (.text:Can_Transmit_Schedule)
                  0000ca70    000000b4     sysbios.aer4f : BIOS.obj (.text:ti_sysbios_knl_Swi_restoreHwi__E)
                  0000cb24    000000b2     libuart_xwr18xx.aer4f : uartsci_dma.oer4f (.text:UartSci_openDMA)
                  0000cbd6    00000002     --HOLE-- [fill = 0]
                  0000cbd8    000000b0     libmmwave_xwr18xx.aer4f : mmwave_fullcfg.oer4f (.text:MMWave_addProfile)
                  0000cc88    000000b0     libmmwavelink_xwr18xx.aer4f : rl_sensor.oer4f (.text:rlSetProfileConfig)
                  0000cd38    000000ae     rtsv7R4_T_le_v3D16_eabi.lib : _io_perm.obj (.text)
                  0000cde6    00000002     --HOLE-- [fill = 0]
                  0000cde8    000000ac     libesm_xwr18xx.aer4f : esm.oer4f (.text:ESM_processInterrupt)
                  0000ce94    000000ac     libmmwavelink_xwr18xx.aer4f : rl_sensor.oer4f (.text:rlSetDynChirpCfg)
                  0000cf40    000000a8     libcanfd_xwr18xx.aer4f : canfd.oer4f (.text:CANFD_configBitTime)
                  0000cfe8    000000a8     libpinmux_xwr18xx.aer4f : pinmux.oer4f (.text:Pinmux_Set_OverrideCtrl)
                  0000d090    000000a8     libmmwavelink_xwr18xx.aer4f : rl_driver.oer4f (.text:rlDriverWaitForResponse)
                  0000d138    000000a8                                 : rl_sensor.oer4f (.text:rlSetAdvFrameConfig)
                  0000d1e0    000000a8     sysbios.aer4f : BIOS.obj (.text:ti_sysbios_knl_Swi_schedule__I)
                  0000d288    00000004     mss_mrr_per4f.oer4f (.text:ti_sysbios_knl_Clock_TimerProxy_getMaxTicks__E)
                  0000d28c    00000004     mss_mrr_per4f.oer4f (.text:ti_sysbios_knl_Semaphore_delete)
                  0000d290    000000a8     sysbios.aer4f : BIOS.obj (.text:xdc_runtime_Error_print__E)
                  0000d338    000000a4     libDMA_xwr18xx.aer4f : dma.oer4f (.text:DMA_assignChannel)
                  0000d3dc    000000a4     libesm_xwr18xx.aer4f : esm.oer4f (.text:ESM_init)
                  0000d480    000000a4     libmmwave_xwr18xx.aer4f : mmwave_fullcfg.oer4f (.text:MMWave_addBpmChirp)
                  0000d524    000000a4                             : mmwave.oer4f (.text:MMWave_start)
                  0000d5c8    000000a0     cfg.obj (.text:Cfg_ChirpCfgInitParams)
                  0000d668    000000a0     cfg.obj (.text:Cfg_ProfileCfgInitParams)
                  0000d708    000000a0     libsoc_xwr18xx.aer4f : soc.oer4f (.text:SOC_registerSysIntListener)
                  0000d7a8    00000004     mss_mrr_per4f.oer4f (.text:xdc_runtime_Startup_reset__I)
                  0000d7ac    00000004     mss_mrr_per4f.oer4f (.text:xdc_runtime_System_Module_GateProxy_enter__E)
                  0000d7b0    000000a0     sysbios.aer4f : BIOS.obj (.text:xdc_runtime_Startup_exec__E)
                  0000d850    0000009f                   : BIOS.obj (.text:xdc_runtime_Text_putLab__E)
                  0000d8ef    00000001     --HOLE-- [fill = 0]
                  0000d8f0    0000009c     libuart_xwr18xx.aer4f : uartsci.oer4f (.text:UartSci_write)
                  0000d98c    0000009c     rtsv7R4_T_le_v3D16_eabi.lib : memcpy_t2.obj (.text)
                  0000da28    00000004     mss_mrr_per4f.oer4f (.text:xdc_runtime_System_Module_GateProxy_leave__E)
                  0000da2c    00000004     --HOLE-- [fill = 0]
                  0000da30    0000009c     sysbios.aer4f : BIOS.obj (.text:ti_sysbios_heaps_HeapMem_alloc__E)
                  0000dacc    00000004     --HOLE-- [fill = 0]
                  0000dad0    0000009c                   : BIOS.obj (.text:ti_sysbios_knl_Clock_logTick__E)
                  0000db6c    00000004     --HOLE-- [fill = 0]
                  0000db70    0000009c                   : BIOS.obj (.text:xdc_runtime_Text_visitRope2__I)
                  0000dc0c    00000098     libcanfd_xwr18xx.aer4f : canfd.oer4f (.text:CANFD_configMessageRAM)
                  0000dca4    00000098     libsoc_xwr18xx.aer4f : soc_xwr18xx_mss.oer4f (.text:SOC_initPeripheralRam)
                  0000dd3c    00000098     rtsv7R4_T_le_v3D16_eabi.lib : fclose.obj (.text)
                  0000ddd4    00000098                                 : fputc.obj (.text)
                  0000de6c    00000098     sysbios.aer4f : vim_Hwi_asm_switch.obj (.text)
                  0000df04    0000000a     libuart_xwr18xx.aer4f : UART.oer4f (.text:UART_writePolling)
                  0000df0e    00000002     --HOLE-- [fill = 0]
                  0000df10    00000098     sysbios.aer4f : BIOS.obj (.text:xdc_runtime_Assert_raise__I)
                  0000dfa8    00000096     libuart_xwr18xx.aer4f : uartsci.oer4f (.text:UartSci_readChar)
                  0000e03e    00000002     --HOLE-- [fill = 0]
                  0000e040    00000094     libmmwavelink_xwr18xx.aer4f : rl_driver.oer4f (.text:rlDriverDeInit)
                  0000e0d4    00000094                                 : rl_driver.oer4f (.text:rlDriverMsgReadCmdCtx)
                  0000e168    00000094                                 : rl_driver.oer4f (.text:rlDriverProcRdMsg)
                  0000e1fc    00000094     sysbios.aer4f : vim_Hwi_asm.obj (.text:ti_sysbios_family_arm_v7r_vim_Hwi_dispatchIRQ__I)
                  0000e290    00000093     mss_main.obj (.text:MRR_MSS_eventFxn)
                  0000e323    00000001     --HOLE-- [fill = 0]
                  0000e324    00000090     libgpio_xwr18xx.aer4f : gpio.oer4f (.text:GPIO_init)
                  0000e3b4    00000090     libmailbox_xwr18xx.aer4f : mailbox.oer4f (.text:Mailbox_close)
                  0000e444    00000090     libuart_xwr18xx.aer4f : uartsci_dma.oer4f (.text:UartSci_initiateTxDMA)
                  0000e4d4    00000090                           : uartsci.oer4f (.text:UartSci_read)
                  0000e564    0000000c     rtsv7R4_T_le_v3D16_eabi.lib : fputc.obj (.tramp.putchar.1)
                  0000e570    00000090     sysbios.aer4f : BIOS.obj (.text:ti_sysbios_knl_Swi_startup__E)
                  0000e600    00000090                   : BIOS.obj (.text:xdc_runtime_Core_assignLabel__I)
                  0000e690    0000008c     libcanfd_xwr18xx.aer4f : mcan.oer4f (.text:MCAN_writeRxFIFOAck)
                  0000e71c    0000008c     libsoc_xwr18xx.aer4f : soc.oer4f (.text:SOC_init)
                  0000e7a8    0000008c                          : soc_xwr18xx.oer4f (.text:SOC_translateAddress)
                  0000e834    0000008c     libuart_xwr18xx.aer4f : uartsci_dma.oer4f (.text:UartSci_initiateRxDMA)
                  0000e8c0    0000008c     libmmwavelink_xwr18xx.aer4f : rl_device.oer4f (.text:rlDevicePowerOn)
                  0000e94c    0000008c                                 : rl_driver.oer4f (.text:rlDriverMsgReadSpawnCtx)
                  0000e9d8    00000008     sysbios.aer4f : BIOS.obj (.tramp.ti_sysbios_family_arm_v7r_vim_Hwi_enableInterrupt__E.1)
                  0000e9e0    0000008c                   : BIOS.obj (.text:ti_sysbios_knl_Swi_runLoop__I)
                  0000ea6c    0000008a     mss_mrr_cli.obj (.text:MRR_MSS_CLISetDynamicChirpCfg)
                  0000eaf6    00000002     --HOLE-- [fill = 0]
                  0000eaf8    00000088     rtsv7R4_T_le_v3D16_eabi.lib : vsnprintf.obj (.text)
                  0000eb80    00000088     mss_mrr_per4f.oer4f (.text:ti_sysbios_family_arm_v7r_vim_Hwi_create)
                  0000ec08    00000084     libmmwave_xwr18xx.aer4f : mmwave_dualcore.oer4f (.text:MMWave_deviceCfgAsyncEvent)
                  0000ec8c    00000084                             : mmwave_dualcore.oer4f (.text:MMWave_deviceEventFxn)
                  0000ed10    00000084                             : mmwave.oer4f (.text:MMWave_open)
                  0000ed94    00000008     sysbios.aer4f : BIOS.obj (.tramp.ti_sysbios_family_arm_v7r_vim_Hwi_disableInterrupt__E.1)
                  0000ed9c    00000004     --HOLE-- [fill = 0]
                  0000eda0    00000084                   : BIOS.obj (.text:ti_sysbios_heaps_HeapMem_getStats__E)
                  0000ee24    00000080     libuart_xwr18xx.aer4f : uartsci.oer4f (.text:UartSci_writePolling)
                  0000eea4    00000080     libmmwavelink_xwr18xx.aer4f : rl_driver.oer4f (.text:rlDriverExecuteGetApi)
                  0000ef24    00000080     mss_mrr_per4f.oer4f (.text:ti_sysbios_knl_Task_create)
                  0000efa4    0000007e     libosal_xwr18xx.aer4f : HwiP_tirtos.oer4f (.text:HwiP_create)
                  0000f022    00000002     --HOLE-- [fill = 0]
                  0000f024    0000007c     cfg.obj (.text:Cfg_AdvFrameCfgInitParams)
                  0000f0a0    0000007c     libmmwave_xwr18xx.aer4f : mmwave_dualcore.oer4f (.text:MMWave_deviceOpenFxn)
                  0000f11c    0000007c     libmailbox_xwr18xx.aer4f : mailbox.oer4f (.text:Mailbox_init)
                  0000f198    0000007c     libuart_xwr18xx.aer4f : uartsci.oer4f (.text:UartSci_readPolling)
                  0000f214    0000007c     sysbios.aer4f : arm_TaskSupport_asm.obj (.text:_ti_sysbios_family_arm_TaskSupport_buildTaskStack)
                  0000f290    0000007c                   : BIOS.obj (.text:ti_sysbios_family_arm_v7r_vim_Hwi_phantomIntHandler__I)
                  0000f30c    0000007a     rtsv7R4_T_le_v3D16_eabi.lib : memset_t2.obj (.text)
                  0000f386    00000002     --HOLE-- [fill = 0]
                  0000f388    00000078     libcanfd_xwr18xx.aer4f : canfd.oer4f (.text:CANFD_getData)
                  0000f400    00000078     sysbios.aer4f : BIOS.obj (.text:xdc_runtime_System_exit__E)
                  0000f478    00000074     libmmwave_xwr18xx.aer4f : mmwave_dualcore.oer4f (.text:MMWave_deviceStartFxn)
                  0000f4ec    00000074     boot.aer4f : boot.oer4f (.text)
                  0000f560    00000074     libmmwavelink_xwr18xx.aer4f : rl_driver.oer4f (.text:rlDriverAsyncEventHandler)
                  0000f5d4    00000074     rtsv7R4_T_le_v3D16_eabi.lib : getdevice.obj (.text)
                  0000f648    00000074                                 : s_frexp.obj (.text)
                  0000f6bc    00000072     libmmwavelink_xwr18xx.aer4f : rl_driver.oer4f (.text:rlDriverClientCbCheck)
                  0000f72e    00000002     --HOLE-- [fill = 0]
                  0000f730    00000070     libcanfd_xwr18xx.aer4f : mcan.oer4f (.text:MCAN_eccEnableIntr)
                  0000f7a0    00000070     sysbios.aer4f : BIOS.obj (.text:ti_sysbios_family_arm_v7r_vim_Hwi_getStackInfo__E)
                  0000f810    00000070                   : BIOS.obj (.text:xdc_runtime_Text_xprintf__I)
                  0000f880    0000006c     libDMA_xwr18xx.aer4f : dma.oer4f (.text:DMA_disableChannel)
                  0000f8ec    0000006c                          : dma.oer4f (.text:DMA_enableChannel)
                  0000f958    0000006c     libmmwave_xwr18xx.aer4f : mmwave_link.oer4f (.text:MMWave_spawn)
                  0000f9c4    0000006c                             : mmwave_link.oer4f (.text:MMWave_stopLink)
                  0000fa30    0000006c     libpinmux_xwr18xx.aer4f : pinmux.oer4f (.text:Pinmux_Set_FuncSel)
                  0000fa9c    0000006c     rtsv7R4_T_le_v3D16_eabi.lib : copy_decompress_lzss.obj (.text:decompress:lzss)
                  0000fb08    0000006c                                 : trgmsg.obj (.text)
                  0000fb74    00000008     sysbios.aer4f : BIOS.obj (.tramp.xdc_runtime_Memory_free__E.1)
                  0000fb7c    00000004     --HOLE-- [fill = 0]
                  0000fb80    0000006c                   : BIOS.obj (.text:ti_sysbios_heaps_HeapMem_init__I)
                  0000fbec    00000004     --HOLE-- [fill = 0]
                  0000fbf0    0000006c                   : BIOS.obj (.text:ti_sysbios_knl_Task_allBlockedFunction__I)
                  0000fc5c    00000004     --HOLE-- [fill = 0]
                  0000fc60    0000006c                   : BIOS.obj (.text:xdc_runtime_System_atexit__E)
                  0000fccc    0000006a     libuart_xwr18xx.aer4f : uartsci.oer4f (.text:UartSci_control)
                  0000fd36    00000068     libcanfd_xwr18xx.aer4f : canfd.oer4f (.text:CANFD_processFIFOElements)
                  0000fd9e    00000002     --HOLE-- [fill = 0]
                  0000fda0    00000068     libmmwave_xwr18xx.aer4f : mmwave_dualcore.oer4f (.text:MMWave_deviceStopFxn)
                  0000fe08    00000068     libmailbox_xwr18xx.aer4f : mailbox.oer4f (.text:Mailbox_readFlush)
                  0000fe70    00000068     libmmwavelink_xwr18xx.aer4f : rl_driver.oer4f (.text:rlDriverExecuteSetApi)
                  0000fed8    00000068                                 : rl_driver.oer4f (.text:rlDriverHostIrqHandler)
                  0000ff40    00000068     rtsv7R4_T_le_v3D16_eabi.lib : hostlseek.obj (.text)
                  0000ffa8    00000068                                 : hostrename.obj (.text)
                  00010010    00000068     sysbios.aer4f : BIOS.obj (.text:ti_sysbios_family_arm_v7r_tms570_Core_Module_startup__E)
                  00010078    00000008                   : BIOS.obj (.tramp.ti_sysbios_knl_Semaphore_post__E.1)
                  00010080    00000068                   : BIOS.obj (.text:xdc_runtime_Core_assignParams__I)
                  000100e8    00000066     libmmwavelink_xwr18xx.aer4f : rl_device.oer4f (.text:rlDevicePowerOff)
                  0001014e    00000002     --HOLE-- [fill = 0]
                  00010150    00000064     libcanfd_xwr18xx.aer4f : mcan.oer4f (.text:MCAN_getTxBufCancellationIntrEnable)
                  000101b4    00000064                            : mcan.oer4f (.text:MCAN_txBufTransIntrEnable)
                  00010218    00000064     libosal_xwr18xx.aer4f : SemaphoreP_tirtos.oer4f (.text:SemaphoreP_create)
                  0001027c    00000064     rtsv7R4_T_le_v3D16_eabi.lib : fseek.obj (.text)
                  000102e0    00000064     sysbios.aer4f : exc_Exception_asm.obj (.text:ti_sysbios_family_arm_exc_Exception_initCore0__I)
                  00010344    0000000c     rtsv7R4_T_le_v3D16_eabi.lib : fflush.obj (.tramp.fflush.1)
                  00010350    00000064     sysbios.aer4f : BIOS.obj (.text:ti_sysbios_hal_Hwi_checkStack)
                  000103b4    00000008                   : BIOS.obj (.tramp.xdc_runtime_Assert_raise__I.1)
                  000103bc    00000004     --HOLE-- [fill = 0]
                  000103c0    00000060                   : BIOS.obj (.text:ti_sysbios_timers_rti_Timer_stop__E)
                  00010420    0000005e     libuart_xwr18xx.aer4f : uartsci.oer4f (.text:UartSci_writeChar)
                  0001047e    0000005c     libcanfd_xwr18xx.aer4f : canfd.oer4f (.text:CANFD_MCANInt1Isr)
                  000104da    00000002     --HOLE-- [fill = 0]
                  000104dc    0000005c                            : mcan.oer4f (.text:MCAN_eccConfig)
                  00010538    0000005c                            : mcan.oer4f (.text:MCAN_eccWriteEOI)
                  00010594    0000005c                            : mcan.oer4f (.text:MCAN_getRxFIFOStatus)
                  000105f0    0000005c     libmmwave_xwr18xx.aer4f : mmwave_link.oer4f (.text:MMWave_mboxOpen)
                  0001064c    0000005c                             : mmwave.oer4f (.text:MMWave_stop)
                  000106a8    0000005c     mss_main.obj (.text:MRR_MSS_mmWaveCtrlTask)
                  00010704    0000005c     rtsv7R4_T_le_v3D16_eabi.lib : hostopen.obj (.text)
                  00010760    0000005c                                 : hostread.obj (.text)
                  000107bc    0000005a     libuart_xwr18xx.aer4f : uartsci.oer4f (.text:UartSci_readCancel)
                  00010816    0000005a     libmmwavelink_xwr18xx.aer4f : rl_driver.oer4f (.text:rlDriverCalChkSum)
                  00010870    00000058     libesm_xwr18xx.aer4f : esm.oer4f (.text:ESM_highpriority_FIQ)
                  000108c8    00000058     libmmwave_xwr18xx.aer4f : mmwave.oer4f (.text:MMWave_execute)
                  00010920    00000058                             : mmwave_link.oer4f (.text:MMWave_initCRC)
                  00010978    00000058     libuart_xwr18xx.aer4f : uartsci_dma.oer4f (.text:UartSci_closeDMA)
                  000109d0    00000058     rtsv7R4_T_le_v3D16_eabi.lib : close.obj (.text)
                  00010a28    00000058                                 : hostwrite.obj (.text)
                  00010a80    00000058     sysbios.aer4f : BIOS.obj (.text:ti_sysbios_family_arm_TaskSupport_start__E)
                  00010ad8    00000008                   : BIOS.obj (.tramp.ti_sysbios_knl_Event_post__E.1)
                  00010ae0    00000058                   : BIOS.obj (.text:ti_sysbios_timers_rti_Timer_setPeriod__E)
                  00010b38    00000056     libmmwavelink_xwr18xx.aer4f : rl_driver.oer4f (.text:rlDriverOsiCbCheck)
                  00010b8e    00000002     --HOLE-- [fill = 0]
                  00010b90    00000054     libcrc_xwr18xx.aer4f : crc.oer4f (.text:CRC_getTransactionId)
                  00010be4    00000054     libDMA_xwr18xx.aer4f : dma.oer4f (.text:DMA_freeChannel)
                  00010c38    00000054     libmmwave_xwr18xx.aer4f : mmwave_link.oer4f (.text:MMWave_initLink)
                  00010c8c    00000054     rtsv7R4_T_le_v3D16_eabi.lib : ltoa.obj (.text)
                  00010ce0    00000054     sysbios.aer4f : BIOS.obj (.text:ti_sysbios_hal_Hwi_initStack)
                  00010d34    00000054     mss_mrr_per4f.oer4f (.text:ti_sysbios_knl_Semaphore_create)
                  00010d88    00000054     mss_mrr_per4f.oer4f (.text:ti_sysbios_rts_MemAlloc_alloc)
                  00010ddc    00000004     --HOLE-- [fill = 0]
                  00010de0    00000053     sysbios.aer4f : BIOS.obj (.text:xdc_runtime_Text_printVisFxn__I)
                  00010e33    00000001     --HOLE-- [fill = 0]
                  00010e34    00000050     libcrc_xwr18xx.aer4f : crc.oer4f (.text:CRC_getSignature)
                  00010e84    00000050     libmmwave_xwr18xx.aer4f : mmwave.oer4f (.text:MMWave_sync)
                  00010ed4    00000050     libmmwavelink_xwr18xx.aer4f : rl_driver.oer4f (.text:rlDeviceIdentifyCmdDir)
                  00010f24    00000050                                 : rl_driver.oer4f (.text:rlDriverVerifyCRC)
                  00010f74    00000050     rtsv7R4_T_le_v3D16_eabi.lib : atoi.obj (.text)
                  00010fc4    00000050                                 : exit.obj (.text)
                  00011014    00000050                                 : u_div32.obj (.text)
                  00011064    0000000c                                 : memset_t2.obj (.tramp.memset.1)
                  00011070    00000050     sysbios.aer4f : BIOS.obj (.text:ti_sysbios_knl_Semaphore_pendTimeout__I)
                  000110c0    00000050                   : BIOS.obj (.text:ti_sysbios_knl_Task_processVitalTaskFlag__I)
                  00011110    0000004c     libcli_xwr18xx.aer4f : cli.oer4f (.text:CLI_write)
                  0001115c    0000004c     libcanfd_xwr18xx.aer4f : mcan.oer4f (.text:MCAN_eccClearErrorStatus)
                  000111a8    0000004c                            : mcan.oer4f (.text:MCAN_enableIntr)
                  000111f4    0000004c                            : mcan.oer4f (.text:MCAN_selectIntrLine)
                  00011240    0000004c     libmailbox_xwr18xx.aer4f : mailbox.oer4f (.text:Mailbox_boxEmptyISRProcessing)
                  0001128c    0000004c     libuart_xwr18xx.aer4f : uartsci.oer4f (.text:UartSci_writeCancel)
                  000112d8    0000004c     rtsv7R4_T_le_v3D16_eabi.lib : cpy_tbl.obj (.text)
                  00011324    0000004c     mss_mrr_per4f.oer4f (.text:ti_sysbios_gates_GateHwi_Object__create__S)
                  00011370    0000004c     mss_mrr_per4f.oer4f (.text:ti_sysbios_gates_GateMutex_Object__create__S)
                  000113bc    0000004c     mss_mrr_per4f.oer4f (.text:ti_sysbios_heaps_HeapMem_Object__create__S)
                  00011408    0000004c     mss_mrr_per4f.oer4f (.text:ti_sysbios_knl_Semaphore_construct)
                  00011454    0000000c     rtsv7R4_T_le_v3D16_eabi.lib : cpy_tbl.obj (.tramp.copy_in.1)
                  00011460    0000004c     sysbios.aer4f : BIOS.obj (.text:ti_sysbios_knl_Task_restore__E)
                  000114ac    0000004a     libmailbox_xwr18xx.aer4f : mailbox.oer4f (.text:Mailbox_boxFullISRProcessing)
                  000114f6    00000002     --HOLE-- [fill = 0]
                  000114f8    00000048     cfg.obj (.text:Cfg_FrameCfgInitParams)
                  00011540    00000048     mss_main.obj (.text:MRR_MSS_frameStartIntCallback)
                  00011588    00000048     libmmwavelink_xwr18xx.aer4f : rl_device.oer4f (.text:rlDeviceGetVersion)
                  000115d0    00000048                                 : rl_driver.oer4f (.text:rlDriverOsiInit)
                  00011618    00000046     libmailbox_xwr18xx.aer4f : mailbox.oer4f (.text:CSL_FINSR)
                  0001165e    00000044     libcrc_xwr18xx.aer4f : crc.oer4f (.text:CRC_resetSignature)
                  000116a2    00000002     --HOLE-- [fill = 0]
                  000116a4    00000044     libcanfd_xwr18xx.aer4f : mcan.oer4f (.text:MCAN_eccGetErrorStatus)
                  000116e8    00000044     libmailbox_xwr18xx.aer4f : mailbox.oer4f (.text:Mailbox_boxFullISRMssDss)
                  0001172c    00000044     libsoc_xwr18xx.aer4f : soc_xwr18xx_mss.oer4f (.text:SOC_resetDMA)
                  00011770    00000044     rtsv7R4_T_le_v3D16_eabi.lib : hostclose.obj (.text)
                  000117b4    00000044                                 : hostunlink.obj (.text)
                  000117f8    00000044     mss_mrr_per4f.oer4f (.text:ti_sysbios_BIOS_atExitFunc__I)
                  0001183c    00000004     --HOLE-- [fill = 0]
                  00011840    00000044     sysbios.aer4f : BIOS.obj (.text:ti_sysbios_heaps_HeapMem_free__E)
                  00011884    00000044     mss_mrr_per4f.oer4f (.text:ti_sysbios_knl_Clock_doTick__I)
                  000118c8    00000044     mss_mrr_per4f.oer4f (.text:ti_sysbios_knl_Queue_construct)
                  0001190c    00000004     --HOLE-- [fill = 0]
                  00011910    00000044     sysbios.aer4f : BIOS.obj (.text:ti_sysbios_knl_Swi_Module_startup__E)
                  00011954    0000000c     --HOLE-- [fill = 0]
                  00011960    00000044                   : BIOS.obj (.text:ti_sysbios_knl_Task_restoreHwi__E)
                  000119a4    0000000c     --HOLE-- [fill = 0]
                  000119b0    00000044                   : BIOS.obj (.text:ti_sysbios_timers_rti_Timer_periodicStub__E)
                  000119f4    00000042     libmmwave_xwr18xx.aer4f : mmwave_link.oer4f (.text:MMWave_executeLink)
                  00011a36    00000042     libmmwavelink_xwr18xx.aer4f : rl_controller.oer4f (.text:rlGetSubBlock)
                  00011a78    00000040     libcanfd_xwr18xx.aer4f : mcan.oer4f (.text:MCAN_addExtMsgIDFilter)
                  00011ab8    00000040                            : mcan.oer4f (.text:MCAN_addStdMsgIDFilter)
                  00011af8    00000040                            : mcan.oer4f (.text:MCAN_txBufAddReq)
                  00011b38    00000040     mss_main.obj (.text:MRR_MSS_chirpIntCallback)
                  00011b78    00000040     libmmwavelink_xwr18xx.aer4f : rl_driver.oer4f (.text:rlDriverValidateHdr)
                  00011bb8    00000008     --HOLE-- [fill = 0]
                  00011bc0    00000040     sysbios.aer4f : BIOS.obj (.text:xdc_runtime_SysStd_abort__E)
                  00011c00    0000003e     libDMA_xwr18xx.aer4f : dma.oer4f (.text:CSL_FINSR)
                  00011c3e    0000003e     libcrc_xwr18xx.aer4f : crc.oer4f (.text:CSL_FINSR)
                  00011c7c    0000003e     libpinmux_xwr18xx.aer4f : pinmux.oer4f (.text:CSL_FINSR)
                  00011cba    0000003e     libsoc_xwr18xx.aer4f : soc.oer4f (.text:CSL_FINSR)
                  00011cf8    0000003e                          : soc_xwr18xx.oer4f (.text:CSL_FINSR)
                  00011d36    0000003e                          : soc_xwr18xx_mss.oer4f (.text:CSL_FINSR)
                  00011d74    0000003e     libuart_xwr18xx.aer4f : uartsci.oer4f (.text:CSL_FINSR)
                  00011db2    0000003e     mss_main.obj (.text:CSL_FINSR)
                  00011df0    0000003e     libuart_xwr18xx.aer4f : uartsci.oer4f (.text:UartSci_close)
                  00011e2e    00000002     --HOLE-- [fill = 0]
                  00011e30    0000003c     libcanfd_xwr18xx.aer4f : mcan.oer4f (.text:MCAN_clearNewDataStatus)
                  00011e6c    0000003c                            : mcan.oer4f (.text:MCAN_enableIntrLine)
                  00011ea8    0000003c                            : mcan.oer4f (.text:MCAN_getNewDataStatus)
                  00011ee4    0000003c     libmailbox_xwr18xx.aer4f : mailbox.oer4f (.text:Mailbox_writeReset)
                  00011f20    0000003c     libsoc_xwr18xx.aer4f : soc.oer4f (.text:SOC_unhaltBSS)
                  00011f5c    0000003c     sysbios.aer4f : vim_Hwi_asm.obj (.text:ti_sysbios_family_arm_v7r_vim_Hwi_init__I)
                  00011f98    00000008     --HOLE-- [fill = 0]
                  00011fa0    0000003c                   : BIOS.obj (.text:xdc_runtime_System_aprintf_va__F)
                  00011fdc    0000003a     libosal_xwr18xx.aer4f : HwiP_tirtos.oer4f (.text:HwiP_delete)
                  00012016    00000002     --HOLE-- [fill = 0]
                  00012018    00000038     libcanfd_xwr18xx.aer4f : mcan.oer4f (.text:MCAN_eccLoadRegister)
                  00012050    00000038     libuart_xwr18xx.aer4f : UART.oer4f (.text:UART_init)
                  00012088    00000038     mss_mrr_per4f.oer4f (.text:ti_sysbios_BIOS_startFunc__I)
                  000120c0    00000038     sysbios.aer4f : BIOS.obj (.text:xdc_runtime_System_printf_va__F)
                  000120f8    00000036     libmmwavelink_xwr18xx.aer4f : rl_controller.oer4f (.text:rlAppendSubBlock)
                  0001212e    00000036     rtsv7R4_T_le_v3D16_eabi.lib : strncpy.obj (.text)
                  00012164    00000034     libmmwave_xwr18xx.aer4f : mmwave_link.oer4f (.text:MMWave_mboxWrite)
                  00012198    00000034     libsoc_xwr18xx.aer4f : soc_xwr18xx_mss.oer4f (.text:SOC_isSecureDevice)
                  000121cc    00000034                          : soc_xwr18xx.oer4f (.text:SOC_setMMWaveDSSLinkState)
                  00012200    00000034                          : soc_xwr18xx.oer4f (.text:SOC_setMMWaveMSSLinkState)
                  00012234    00000034     libuart_xwr18xx.aer4f : UART.oer4f (.text:UART_open)
                  00012268    00000034     mss_mrr_per4f.oer4f (.text:ti_sysbios_BIOS_errorRaiseHook__I)
                  0001229c    00000034     mss_mrr_per4f.oer4f (.text:ti_sysbios_BIOS_registerRTSLock__I)
                  000122d0    00000034     mss_mrr_per4f.oer4f (.text:ti_sysbios_BIOS_removeRTSLock__I)
                  00012304    00000034     mss_mrr_per4f.oer4f (.text:ti_sysbios_family_arm_v7r_vim_Hwi_Object__delete__S)
                  00012338    00000034     mss_mrr_per4f.oer4f (.text:ti_sysbios_gates_GateMutex_Object__delete__S)
                  0001236c    00000004     --HOLE-- [fill = 0]
                  00012370    00000034     sysbios.aer4f : BIOS.obj (.text:ti_sysbios_knl_Idle_run__E)
                  000123a4    00000034     mss_mrr_per4f.oer4f (.text:ti_sysbios_knl_Semaphore_Object__delete__S)
                  000123d8    00000032     libcrc_xwr18xx.aer4f : crc.oer4f (.text:CRC_getCRCDataSelectBitValue)
                  0001240a    00000002     --HOLE-- [fill = 0]
                  0001240c    00000032                          : crc.oer4f (.text:CRC_getCRCTypeBitValue)
                  0001243e    00000032     mss_main.obj (.text:Get_CanMessageIdentifier)
                  00012470    00000030     libmmwave_xwr18xx.aer4f : mmwave_listlib.oer4f (.text:MMWave_listRemoveNode)
                  000124a0    00000030     libmmwavelink_xwr18xx.aer4f : rl_sensor.oer4f (.text:rlSensorStart)
                  000124d0    00000030     mss_mrr_per4f.oer4f (.text:ti_sysbios_BIOS_rtsLock__I)
                  00012500    00000030     sysbios.aer4f : BIOS.obj (.text:ti_sysbios_family_arm_v7r_vim_Hwi_disableInterrupt__E)
                  00012530    00000030                   : BIOS.obj (.text:ti_sysbios_family_arm_v7r_vim_Hwi_enableInterrupt__E)
                  00012560    00000030     mss_mrr_per4f.oer4f (.text:ti_sysbios_gates_GateHwi_Object__delete__S)
                  00012590    00000030     sysbios.aer4f : BIOS.obj (.text:ti_sysbios_gates_GateMutex_Instance_init__E)
                  000125c0    00000030     mss_mrr_per4f.oer4f (.text:ti_sysbios_heaps_HeapMem_Object__delete__S)
                  000125f0    00000030     sysbios.aer4f : BIOS.obj (.text:ti_sysbios_knl_Clock_Module_startup__E)
                  00012620    0000002c     libgpio_xwr18xx.aer4f : gpio.oer4f (.text:GPIO_HighPriorityISR)
                  0001264c    0000002c                           : gpio.oer4f (.text:GPIO_LowPriorityISR)
                  00012678    0000002c     libmmwave_xwr18xx.aer4f : mmwave_osal.oer4f (.text:MMWave_osalMutexCreate)
                  000126a4    0000002c                             : mmwave_osal.oer4f (.text:MMWave_osalSemCreate)
                  000126d0    0000002c     libsoc_xwr18xx.aer4f : soc_xwr18xx_mss.oer4f (.text:SOC_waitBSSPowerUp)
                  000126fc    0000002c     libmmwavelink_xwr18xx.aer4f : rl_device.oer4f (.text:rlDeviceGetMssVersion)
                  00012728    0000002c                                 : rl_sensor.oer4f (.text:rlSensorStop)
                  00012754    0000002c     rtsv7R4_T_le_v3D16_eabi.lib : unlink.obj (.text)
                  00012780    0000002c     mss_mrr_per4f.oer4f (.text:ti_sysbios_gates_GateHwi_Handle__label__S)
                  000127ac    0000002c     mss_mrr_per4f.oer4f (.text:ti_sysbios_gates_GateMutex_Handle__label__S)
                  000127d8    0000002c     mss_mrr_per4f.oer4f (.text:ti_sysbios_heaps_HeapMem_Handle__label__S)
                  00012804    0000002c     mss_mrr_per4f.oer4f (.text:ti_sysbios_knl_Semaphore_destruct)
                  00012830    0000002c     sysbios.aer4f : BIOS.obj (.text:ti_sysbios_knl_Task_enter__I)
                  0001285c    0000002a     libsoc_xwr18xx.aer4f : soc.oer4f (.text:SOC_SystemISR)
                  00012886    0000002a     libmmwavelink_xwr18xx.aer4f : rl_device.oer4f (.text:rlDeviceGetMmWaveLinkVersion)
                  000128b0    00000028     libmailbox_xwr18xx.aer4f : mailbox.oer4f (.text:Mailbox_Config_init)
                  000128d8    00000028     libuart_xwr18xx.aer4f : uartsci_dma.oer4f (.text:UartSci_RxDMACallbackFxn)
                  00012900    00000028                           : uartsci_dma.oer4f (.text:UartSci_TxDMACallbackFxn)
                  00012928    00000028     mss_mrr_per4f.oer4f (.text:free)
                  00012950    00000028     libmmwavelink_xwr18xx.aer4f : rl_driver.oer4f (.text:rlDriverConstructInMsg)
                  00012978    00000028     rtsv7R4_T_le_v3D16_eabi.lib : lseek.obj (.text)
                  000129a0    00000028                                 : write.obj (.text)
                  000129c8    00000028     mss_mrr_per4f.oer4f (.text:ti_sysbios_BIOS_rtsUnlock__I)
                  000129f0    00000028     mss_mrr_per4f.oer4f (.text:ti_sysbios_family_arm_v7r_vim_Hwi_Module__startupDone__F)
                  00012a18    00000008     --HOLE-- [fill = 0]
                  00012a20    00000028     sysbios.aer4f : BIOS.obj (.text:ti_sysbios_gates_GateMutex_leave__E)
                  00012a48    00000028     mss_mrr_per4f.oer4f (.text:ti_sysbios_knl_Queue_destruct)
                  00012a70    00000028     mss_mrr_per4f.oer4f (.text:ti_sysbios_timers_rti_Timer_Module__startupDone__F)
                  00012a98    00000008     --HOLE-- [fill = 0]
                  00012aa0    00000028     sysbios.aer4f : BIOS.obj (.text:xdc_runtime_Error_init__E)
                  00012ac8    00000028     mss_mrr_per4f.oer4f (.text:xdc_runtime_System_aprintf__E)
                  00012af0    00000028     mss_mrr_per4f.oer4f (.text:xdc_runtime_System_printf__E)
                  00012b18    00000026     libmmwavelink_xwr18xx.aer4f : rl_sensor.oer4f (.text:rlRfInitCalibConfig)
                  00012b3e    00000026                                 : rl_sensor.oer4f (.text:rlRfRunTimeCalibConfig)
                  00012b64    00000026                                 : rl_sensor.oer4f (.text:rlRfSetCalMonFreqLimitConfig)
                  00012b8a    00000026                                 : rl_sensor.oer4f (.text:rlRfSetDeviceCfg)
                  00012bb0    00000026                                 : rl_sensor.oer4f (.text:rlRfSetLdoBypassConfig)
                  00012bd6    00000026                                 : rl_sensor.oer4f (.text:rlSetAdcOutConfig)
                  00012bfc    00000026                                 : rl_sensor.oer4f (.text:rlSetChannelConfig)
                  00012c22    00000026                                 : rl_sensor.oer4f (.text:rlSetDynChirpEn)
                  00012c48    00000024     libcrc_xwr18xx.aer4f : crc.oer4f (.text:CRC_isTransactionIdValid)
                  00012c6c    00000024     cfg.obj (.text:Cfg_ADCOutCfgInitParams)
                  00012c90    00000024     libgpio_xwr18xx.aer4f : gpio.oer4f (.text:GPIO_processInterrupt)
                  00012cb4    00000024     libcanfd_xwr18xx.aer4f : mcan.oer4f (.text:MCAN_getOpMode)
                  00012cd8    00000024                            : canfd_xwr18xx.oer4f (.text:MCAN_isInReset)
                  00012cfc    00000024                            : mcan.oer4f (.text:MCAN_setOpMode)
                  00012d20    00000024                            : mcan.oer4f (.text:MCAN_writeProtectedRegAccessLock)
                  00012d44    00000024                            : mcan.oer4f (.text:MCAN_writeProtectedRegAccessUnlock)
                  00012d68    00000024     libsoc_xwr18xx.aer4f : soc_xwr18xx.oer4f (.text:SOC_isMMWaveDSSOperational)
                  00012d8c    00000024                          : soc_xwr18xx.oer4f (.text:SOC_isMMWaveMSSOperational)
                  00012db0    00000024     libmmwavelink_xwr18xx.aer4f : rl_sensor.oer4f (.text:rlEnableContMode)
                  00012dd4    00000024                                 : rl_sensor.oer4f (.text:rlRfSetCalMonTimeUnitConfig)
                  00012df8    00000024                                 : rl_sensor.oer4f (.text:rlSetLowPowerModeConfig)
                  00012e1c    00000022     libuart_xwr18xx.aer4f : uartsci.oer4f (.text:UartSci_disableRxDMA)
                  00012e3e    00000022                           : uartsci.oer4f (.text:UartSci_enableRxDMA)
                  00012e60    00000020     libesm_xwr18xx.aer4f : esm.oer4f (.text:ESM_lowpriority_IRQ)
                  00012e80    00000020     libcanfd_xwr18xx.aer4f : mcan.oer4f (.text:MCAN_clearIntrStatus)
                  00012ea0    00000020                            : mcan.oer4f (.text:MCAN_getDataSize)
                  00012ec0    00000020                            : mcan.oer4f (.text:MCAN_getIntrStatus)
                  00012ee0    00000020                            : mcan.oer4f (.text:MCAN_getMsgObjSize)
                  00012f00    00000020                            : mcan.oer4f (.text:MCAN_getTxBufTransmissionStatus)
                  00012f20    00000020                            : canfd_xwr18xx.oer4f (.text:MCAN_reset)
                  00012f40    00000020                            : mcan.oer4f (.text:MCAN_txBufCancellationStatus)
                  00012f60    00000020     libmmwave_xwr18xx.aer4f : mmwave_listlib.oer4f (.text:MMWave_listCat)
                  00012f80    00000020     libpinmux_xwr18xx.aer4f : pinmux.oer4f (.text:Pinmux_Unlock)
                  00012fa0    00000020     libmmwavelink_xwr18xx.aer4f : rl_sensor.oer4f (.text:rlRfInit)
                  00012fc0    00000020     mss_mrr_per4f.oer4f (.text:ti_sysbios_BIOS_exitFunc__I)
                  00012fe0    00000020     sysbios.aer4f : BIOS.obj (.text:ti_sysbios_family_arm_v7r_vim_Hwi_clearInterrupt__E)
                  00013000    00000020                   : BIOS.obj (.text:ti_sysbios_knl_Task_sleepTimeout__I)
                  00013020    0000001e     libmmwave_xwr18xx.aer4f : mmwave_fullcfg.oer4f (.text:MMWave_internalDelChirp)
                  0001303e    0000001e     libsoc_xwr18xx.aer4f : soc_xwr18xx_mss.oer4f (.text:SOC_getOutAddr_LUTType)
                  0001305c    0000001c     libcrc_xwr18xx.aer4f : crc.oer4f (.text:CRC_releaseTransactionId)
                  00013078    0000001c     libDMA_xwr18xx.aer4f : dma.oer4f (.text:CSL_FEXTR)
                  00013094    0000001c     libmmwave_xwr18xx.aer4f : mmwave.oer4f (.text:CSL_FEXTR)
                  000130b0    0000001c     libsoc_xwr18xx.aer4f : soc.oer4f (.text:CSL_FEXTR)
                  000130cc    0000001c                          : soc_xwr18xx.oer4f (.text:CSL_FEXTR)
                  000130e8    0000001c                          : soc_xwr18xx_mss.oer4f (.text:CSL_FEXTR)
                  00013104    0000001c     libuart_xwr18xx.aer4f : uartsci.oer4f (.text:CSL_FEXTR)
                  00013120    0000001c     libcanfd_xwr18xx.aer4f : mcan.oer4f (.text:MCAN_isMemInitDone)
                  0001313c    0000001c     libmmwave_xwr18xx.aer4f : mmwave_listlib.oer4f (.text:MMWave_listRemove)
                  00013158    0000001c     mss_main.obj (.text:MRR_MSS_startFxn)
                  00013174    0000001c     libsoc_xwr18xx.aer4f : soc_xwr18xx_mss.oer4f (.text:SOC_getInAddr_LUTType)
                  00013190    0000001c     sysbios.aer4f : arm_TaskSupport_asm.obj (.text:_ti_sysbios_family_arm_TaskSupport_glue)
                  000131ac    0000001c                   : arm_TaskSupport_asm.obj (.text:_ti_sysbios_family_arm_TaskSupport_swap__E)
                  000131c8    0000001c     rtsv7R4_T_le_v3D16_eabi.lib : memccpy.obj (.text)
                  000131e4    0000001c     mss_mrr_per4f.oer4f (.text:ti_sysbios_heaps_HeapMem_Object__get__S)
                  00013200    0000001c     mss_mrr_per4f.oer4f (.text:ti_sysbios_knl_Swi_Object__get__S)
                  0001321c    0000001c     mss_mrr_per4f.oer4f (.text:xdc_runtime_Startup_exec__I)
                  00013238    0000001a     cfg.obj (.text:Cfg_ChannelCfgInitParams)
                  00013252    0000001a     libmmwave_xwr18xx.aer4f : mmwave_dualcore.oer4f (.text:MMWave_deviceSyncFxn)
                  0001326c    0000001a                             : mmwave.oer4f (.text:MMWave_encodeError)
                  00013286    0000001a                             : mmwave_listlib.oer4f (.text:MMWave_listAdd)
                  000132a0    0000001a     mss_main.obj (.text:MRR_MSS_cfgFxn)
                  000132ba    0000001a     rtsv7R4_T_le_v3D16_eabi.lib : s_copysign.obj (.text)
                  000132d4    00000018     libcanfd_xwr18xx.aer4f : mcan.oer4f (.text:MCAN_getTxBufReqPend)
                  000132ec    00000018     libmmwave_xwr18xx.aer4f : mmwave_osal.oer4f (.text:MMWave_osalMutexLock)
                  00013304    00000018                             : mmwave_osal.oer4f (.text:MMWave_osalSemWait)
                  0001331c    00000018     libmailbox_xwr18xx.aer4f : mailbox.oer4f (.text:Mailbox_boxEmptyISRBss)
                  00013334    00000018                              : mailbox.oer4f (.text:Mailbox_boxEmptyISRMssDss)
                  0001334c    00000018                              : mailbox.oer4f (.text:Mailbox_boxFullISRBss)
                  00013364    00000018     libmmwavelink_xwr18xx.aer4f : rl_device.oer4f (.text:rlDeviceGetRfVersion)
                  0001337c    00000018                                 : rl_driver.oer4f (.text:rlDriverCalCRC)
                  00013394    00000018                                 : rl_driver.oer4f (.text:rlDriverFillPayload)
                  000133ac    00000018     rtsv7R4_T_le_v3D16_eabi.lib : args_main.obj (.text)
                  000133c4    00000018                                 : strcmp.obj (.text)
                  000133dc    00000004     --HOLE-- [fill = 0]
                  000133e0    00000018     sysbios.aer4f : BIOS.obj (.text:ti_sysbios_BIOS_setThreadType__E)
                  000133f8    00000008     --HOLE-- [fill = 0]
                  00013400    00000018                   : BIOS.obj (.text:ti_sysbios_BIOS_start__E)
                  00013418    00000008     --HOLE-- [fill = 0]
                  00013420    00000018                   : BIOS.obj (.text:ti_sysbios_hal_Hwi_Module_startup__E)
                  00013438    00000018     mss_mrr_per4f.oer4f (.text:ti_sysbios_heaps_HeapBuf_Object__get__S)
                  00013450    00000018     sysbios.aer4f : BIOS.obj (.text:ti_sysbios_knl_Idle_loop__E)
                  00013468    00000008     --HOLE-- [fill = 0]
                  00013470    00000018                   : BIOS.obj (.text:ti_sysbios_knl_Queue_empty__E)
                  00013488    00000008     --HOLE-- [fill = 0]
                  00013490    00000018                   : BIOS.obj (.text:ti_sysbios_knl_Swi_disable__E)
                  000134a8    00000018     mss_mrr_per4f.oer4f (.text:ti_sysbios_knl_Task_Object__get__S)
                  000134c0    00000018     sysbios.aer4f : BIOS.obj (.text:ti_sysbios_knl_Task_disable__E)
                  000134d8    00000018     mss_mrr_per4f.oer4f (.text:xdc_runtime_Text_visitRope__I)
                  000134f0    00000016     rtsv7R4_T_le_v3D16_eabi.lib : strchr.obj (.text)
                  00013506    00000016                                 : strlen.obj (.text)
                  0001351c    00000014     libosal_xwr18xx.aer4f : HwiP_tirtos.oer4f (.text:HwiP_Params_init)
                  00013530    00000014     libmmwave_xwr18xx.aer4f : mmwave_fullcfg.oer4f (.text:MMWave_internalDelBpmChirp)
                  00013544    00000014                             : mmwave_fullcfg.oer4f (.text:MMWave_internalDelProfile)
                  00013558    00000014                             : mmwave_osal.oer4f (.text:MMWave_osalMutexDelete)
                  0001356c    00000014                             : mmwave_osal.oer4f (.text:MMWave_osalSemDelete)
                  00013580    00000014     mss_main.obj (.text:MRR_MSS_stopFxn)
                  00013594    00000014     libpinmux_xwr18xx.aer4f : pinmux.oer4f (.text:Pinmux_Lock)
                  000135a8    00000014     libuart_xwr18xx.aer4f : uartsci.oer4f (.text:UartSci_disableTxDMA)
                  000135bc    00000014                           : uartsci.oer4f (.text:UartSci_enableTxDMA)
                  000135d0    00000014     libosal_xwr18xx.aer4f : DebugP_tirtos.oer4f (.text:_DebugP_assert)
                  000135e4    00000014     libmmwavelink_xwr18xx.aer4f : rl_controller.oer4f (.text:rlAppendDummy)
                  000135f8    00000014                                 : rl_driver.oer4f (.text:rlDriverIsDeviceMapValid)
                  0001360c    00000014     rtsv7R4_T_le_v3D16_eabi.lib : _lock.obj (.text)
                  00013620    00000014                                 : strcpy.obj (.text)
                  00013634    0000000c     --HOLE-- [fill = 0]
                  00013640    00000014     sysbios.aer4f : BIOS.obj (.text:ti_sysbios_family_arm_TaskSupport_checkStack__E)
                  00013654    0000000c     --HOLE-- [fill = 0]
                  00013660    00000014                   : BIOS.obj (.text:ti_sysbios_family_arm_v7r_vim_Hwi_switchFromBootStack__E)
                  00013674    0000000c     --HOLE-- [fill = 0]
                  00013680    00000014                   : BIOS.obj (.text:ti_sysbios_gates_GateMutex_Instance_finalize__E)
                  00013694    0000000c     --HOLE-- [fill = 0]
                  000136a0    00000014                   : BIOS.obj (.text:ti_sysbios_knl_Semaphore_Instance_finalize__E)
                  000136b4    00000014     mss_mrr_per4f.oer4f (.text:xdc_runtime_IHeap_alloc)
                  000136c8    00000014     mss_mrr_per4f.oer4f (.text:xdc_runtime_IHeap_free)
                  000136dc    00000004     --HOLE-- [fill = 0]
                  000136e0    00000014     sysbios.aer4f : BIOS.obj (.text:xdc_runtime_Memory_free__E)
                  000136f4    00000012     libcrc_xwr18xx.aer4f : crc.oer4f (.text:CRC_initConfigParams)
                  00013706    00000012     cfg.obj (.text:Cfg_LowPowerModeInitParams)
                  00013718    00000012     libmmwave_xwr18xx.aer4f : mmwave_dualcore.oer4f (.text:MMWave_deviceGetDeviceInfo)
                  0001372a    00000012     libosal_xwr18xx.aer4f : MemoryP_tirtos.oer4f (.text:MemoryP_ctrlAlloc)
                  0001373c    00000012                           : SemaphoreP_tirtos.oer4f (.text:SemaphoreP_pend)
                  0001374e    00000010     libcrc_xwr18xx.aer4f : crc.oer4f (.text:CRC_getSignatureRegister)
                  0001375e    00000002     --HOLE-- [fill = 0]
                  00013760    00000010     mss_main.obj (.text:MCANAppErrStatusCallback)
                  00013770    00000010     sysbios.aer4f : BIOS.obj (.text:ti_sysbios_family_arm_TaskSupport_getStackAlignment__E)
                  00013780    00000010                   : BIOS.obj (.text:ti_sysbios_family_arm_exc_Exception_Module_startup__E)
                  00013790    00000010     mss_mrr_per4f.oer4f (.text:ti_sysbios_family_arm_v7r_vim_Hwi_Params__init__S)
                  000137a0    00000010     mss_mrr_per4f.oer4f (.text:ti_sysbios_knl_Queue_Object__get__S)
                  000137b0    00000010     mss_mrr_per4f.oer4f (.text:ti_sysbios_knl_Semaphore_Params__init__S)
                  000137c0    00000010     mss_mrr_per4f.oer4f (.text:ti_sysbios_knl_Task_Params__init__S)
                  000137d0    00000010     sysbios.aer4f : BIOS.obj (.text:xdc_runtime_Startup_rtsDone__E)
                  000137e0    0000000e     libosal_xwr18xx.aer4f : SemaphoreP_tirtos.oer4f (.text:SemaphoreP_delete)
                  000137ee    0000000e     rtsv7R4_T_le_v3D16_eabi.lib : copy_decompress_none.obj (.text:decompress:none)
                  000137fc    00000004     --HOLE-- [fill = 0]
                  00013800    0000000c     sysbios.aer4f : BIOS.obj (.text:ti_sysbios_family_arm_v7r_vim_Hwi_startup__E)
                  0001380c    00000004     --HOLE-- [fill = 0]
                  00013810    0000000c                   : BIOS.obj (.text:ti_sysbios_gates_GateHwi_enter__E)
                  0001381c    00000004     --HOLE-- [fill = 0]
                  00013820    0000000c                   : BIOS.obj (.text:ti_sysbios_knl_Queue_Instance_init__E)
                  0001382c    00000004     --HOLE-- [fill = 0]
                  00013830    0000000c                   : BIOS.obj (.text:xdc_runtime_SysStd_exit__E)
                  0001383c    00000004     --HOLE-- [fill = 0]
                  00013840    00000008                   : BIOS.obj (.text:ti_sysbios_gates_GateHwi_leave__E)
                  00013848    00000008     --HOLE-- [fill = 0]
                  00013850    00000008                   : BIOS.obj (.text:ti_sysbios_gates_GateHwi_query__E)
                  00013858    00000008     --HOLE-- [fill = 0]
                  00013860    00000008                   : BIOS.obj (.text:ti_sysbios_gates_GateMutex_query__E)
                  00013868    00000008     --HOLE-- [fill = 0]
                  00013870    00000008                   : BIOS.obj (.text:ti_sysbios_heaps_HeapMem_isBlocking__E)
                  00013878    00000008     --HOLE-- [fill = 0]
                  00013880    00000008                   : BIOS.obj (.text:ti_sysbios_timers_rti_Timer_getMaxTicks__E)
                  00013888    00000008     --HOLE-- [fill = 0]
                  00013890    00000008                   : BIOS.obj (.text:xdc_runtime_SysStd_ready__E)
                  00013898    00000008     --HOLE-- [fill = 0]
                  000138a0    00000008                   : BIOS.obj (.text:xdc_runtime_System_Module_startup__E)
                  000138a8    00000008     --HOLE-- [fill = 0]
                  000138b0    00000004                   : BIOS.obj (.text:ti_sysbios_BIOS_linkedWithIncorrectBootLibrary__E)
                  000138b4    0000000c     --HOLE-- [fill = 0]
                  000138c0    00000004                   : BIOS.obj (.text:ti_sysbios_gates_GateHwi_Instance_init__E)
                  000138c4    0000000c     --HOLE-- [fill = 0]
                  000138d0    00000004                   : BIOS.obj (.text:ti_sysbios_knl_Task_startup__E)
                  000138d4    0000000c     --HOLE-- [fill = 0]
                  000138e0    00000004                   : BIOS.obj (.text:xdc_runtime_SysStd_putch__E)

.const     0    000138e4    00002720     
                  000138e4    00001aee     mss_mrr_per4f.oer4f (.const:xdc_runtime_Text_charTab__A)
                  000153d2    00000002     mss_mrr_per4f.oer4f (.const:ti_sysbios_family_arm_exc_Exception_Module__id__C)
                  000153d4    000002b8     libmmwavelink_xwr18xx.aer4f : rl_sensor.oer4f (.const:$O1$$)
                  0001568c    00000101     rtsv7R4_T_le_v3D16_eabi.lib : ctype.obj (.const:.string:_ctypes_)
                  0001578d    00000001     --HOLE-- [fill = 0]
                  0001578e    000000d0     mss_mrr_per4f.oer4f (.const:xdc_runtime_Text_nodeTab__A)
                  0001585e    00000002     mss_mrr_per4f.oer4f (.const:ti_sysbios_family_arm_v7r_tms570_Core_Module__id__C)
                  00015860    00000088     libmmwavelink_xwr18xx.aer4f : rl_driver.oer4f (.const:$O2$$)
                  000158e8    00000080     mss_mrr_per4f.oer4f (.const:ti_sysbios_family_arm_v7r_vim_Hwi_channelMap__A)
                  00015968    00000060     libcanfd_xwr18xx.aer4f : mcan.oer4f (.const:$O1$$)
                  000159c8    00000058     mss_mrr_per4f.oer4f (.const:.string)
                  00015a20    00000044     mss_mrr_per4f.oer4f (.const:ti_sysbios_knl_Task_Object__PARAMS__C)
                  00015a64    0000003c     libuart_xwr18xx.aer4f : UART.oer4f (.const:UART_defaultParams)
                  00015aa0    00000030     mss_mrr_per4f.oer4f (.const:ti_sysbios_family_arm_v7r_vim_Hwi_Object__PARAMS__C)
                  00015ad0    00000028     mss_mrr_per4f.oer4f (.const:ti_sysbios_heaps_HeapMem_Module__FXNS__C)
                  00015af8    00000028     mss_mrr_per4f.oer4f (.const:xdc_runtime_Startup_sfxnTab__A)
                  00015b20    00000024     libmailbox_xwr18xx.aer4f : mailbox.oer4f (.const:Mailbox_defaultCfg)
                  00015b44    00000024     mss_mrr_per4f.oer4f (.const:ti_sysbios_gates_GateHwi_Module__FXNS__C)
                  00015b68    00000024     mss_mrr_per4f.oer4f (.const:ti_sysbios_gates_GateMutex_Module__FXNS__C)
                  00015b8c    00000024     mss_mrr_per4f.oer4f (.const:ti_sysbios_heaps_HeapMem_Object__PARAMS__C)
                  00015bb0    00000024     mss_mrr_per4f.oer4f (.const:ti_sysbios_knl_Semaphore_Object__PARAMS__C)
                  00015bd4    00000020     mss_mrr_per4f.oer4f (.const:ti_sysbios_family_arm_v7r_vim_Hwi_Object__DESC__C)
                  00015bf4    00000020     mss_mrr_per4f.oer4f (.const:ti_sysbios_gates_GateHwi_Object__DESC__C)
                  00015c14    00000020     mss_mrr_per4f.oer4f (.const:ti_sysbios_gates_GateMutex_Object__DESC__C)
                  00015c34    00000020     mss_mrr_per4f.oer4f (.const:ti_sysbios_heaps_HeapMem_Object__DESC__C)
                  00015c54    00000020     mss_mrr_per4f.oer4f (.const:ti_sysbios_knl_Queue_Object__DESC__C)
                  00015c74    00000020     mss_mrr_per4f.oer4f (.const:ti_sysbios_knl_Semaphore_Object__DESC__C)
                  00015c94    00000020     mss_mrr_per4f.oer4f (.const:ti_sysbios_knl_Task_Object__DESC__C)
                  00015cb4    00000018     mss_mrr_per4f.oer4f (.const:ti_sysbios_gates_GateHwi_Object__PARAMS__C)
                  00015ccc    00000018     mss_mrr_per4f.oer4f (.const:ti_sysbios_gates_GateMutex_Object__PARAMS__C)
                  00015ce4    00000018     mss_mrr_per4f.oer4f (.const:ti_sysbios_knl_Queue_Object__PARAMS__C)
                  00015cfc    00000014     mss_mrr_per4f.oer4f (.const:xdc_runtime_Startup_sfxnRts__A)
                  00015d10    00000010     mss_mrr_per4f.oer4f (.const:ti_sysbios_family_arm_v7r_vim_Hwi_intReqEnaSet__A)
                  00015d20    00000010     mss_mrr_per4f.oer4f (.const:ti_sysbios_family_arm_v7r_vim_Hwi_wakeEnaSet__A)
                  00015d30    00000008     mss_mrr_per4f.oer4f (.const:ti_sysbios_knl_Idle_funcList__C)
                  00015d38    00000008     mss_mrr_per4f.oer4f (.const:xdc_runtime_Startup_firstFxns__A)
                  00015d40    00000008     mss_mrr_per4f.oer4f (.const:xdc_runtime_Startup_firstFxns__C)
                  00015d48    00000008     mss_mrr_per4f.oer4f (.const:xdc_runtime_Startup_lastFxns__C)
                  00015d50    00000004     mss_mrr_cli.obj (.const:$P$T0$1)
                  00015d54    00000004     mss_mrr_per4f.oer4f (.const:ti_sysbios_family_arm_TaskSupport_stackAlignment__C)
                  00015d58    00000004     mss_mrr_per4f.oer4f (.const:ti_sysbios_family_arm_exc_Exception_E_dataAbort__C)
                  00015d5c    00000004     mss_mrr_per4f.oer4f (.const:ti_sysbios_family_arm_exc_Exception_E_prefetchAbort__C)
                  00015d60    00000004     mss_mrr_per4f.oer4f (.const:ti_sysbios_family_arm_exc_Exception_E_swi__C)
                  00015d64    00000004     mss_mrr_per4f.oer4f (.const:ti_sysbios_family_arm_exc_Exception_E_undefinedInstruction__C)
                  00015d68    00000004     mss_mrr_per4f.oer4f (.const:ti_sysbios_family_arm_exc_Exception_excHookFuncs__A)
                  00015d6c    00000004     mss_mrr_per4f.oer4f (.const:ti_sysbios_family_arm_exc_Exception_excHookFuncs__C)
                  00015d70    00000004     mss_mrr_per4f.oer4f (.const:ti_sysbios_family_arm_v7r_tms570_Core_E_mismatchedIds__C)
                  00015d74    00000004     mss_mrr_per4f.oer4f (.const:ti_sysbios_family_arm_v7r_tms570_Core_id__C)
                  00015d78    00000004     mss_mrr_per4f.oer4f (.const:ti_sysbios_family_arm_v7r_vim_Hwi_A_badChannelId__C)
                  00015d7c    00000004     mss_mrr_per4f.oer4f (.const:ti_sysbios_family_arm_v7r_vim_Hwi_E_alreadyDefined__C)
                  00015d80    00000004     mss_mrr_per4f.oer4f (.const:ti_sysbios_family_arm_v7r_vim_Hwi_E_badIntNum__C)
                  00015d84    00000004     mss_mrr_per4f.oer4f (.const:ti_sysbios_family_arm_v7r_vim_Hwi_E_phantomInterrupt__C)
                  00015d88    00000004     mss_mrr_per4f.oer4f (.const:ti_sysbios_family_arm_v7r_vim_Hwi_E_undefined__C)
                  00015d8c    00000004     mss_mrr_per4f.oer4f (.const:ti_sysbios_family_arm_v7r_vim_Hwi_E_unsupportedMaskingOption__C)
                  00015d90    00000004     mss_mrr_per4f.oer4f (.const:ti_sysbios_family_arm_v7r_vim_Hwi_LD_end__C)
                  00015d94    00000004     mss_mrr_per4f.oer4f (.const:ti_sysbios_family_arm_v7r_vim_Hwi_LM_begin__C)
                  00015d98    00000004     mss_mrr_per4f.oer4f (.const:ti_sysbios_family_arm_v7r_vim_Hwi_Module__diagsEnabled__C)
                  00015d9c    00000004     mss_mrr_per4f.oer4f (.const:ti_sysbios_family_arm_v7r_vim_Hwi_Module__diagsIncluded__C)
                  00015da0    00000004     mss_mrr_per4f.oer4f (.const:ti_sysbios_family_arm_v7r_vim_Hwi_Module__diagsMask__C)
                  00015da4    00000004     mss_mrr_per4f.oer4f (.const:ti_sysbios_family_arm_v7r_vim_Hwi_Module__loggerFxn1__C)
                  00015da8    00000004     mss_mrr_per4f.oer4f (.const:ti_sysbios_family_arm_v7r_vim_Hwi_Module__loggerFxn8__C)
                  00015dac    00000004     mss_mrr_per4f.oer4f (.const:ti_sysbios_family_arm_v7r_vim_Hwi_Module__loggerObj__C)
                  00015db0    00000004     mss_mrr_per4f.oer4f (.const:ti_sysbios_family_arm_v7r_vim_Hwi_NUM_INTERRUPTS__C)
                  00015db4    00000004     mss_mrr_per4f.oer4f (.const:ti_sysbios_family_arm_v7r_vim_Hwi_channelMap__C)
                  00015db8    00000004     mss_mrr_per4f.oer4f (.const:ti_sysbios_family_arm_v7r_vim_Hwi_intReqEnaSet__C)
                  00015dbc    00000004     mss_mrr_per4f.oer4f (.const:ti_sysbios_family_arm_v7r_vim_Hwi_phantomFunc__C)
                  00015dc0    00000004     mss_mrr_per4f.oer4f (.const:ti_sysbios_family_arm_v7r_vim_Hwi_swiDisable__C)
                  00015dc4    00000004     mss_mrr_per4f.oer4f (.const:ti_sysbios_family_arm_v7r_vim_Hwi_swiRestoreHwi__C)
                  00015dc8    00000004     mss_mrr_per4f.oer4f (.const:ti_sysbios_family_arm_v7r_vim_Hwi_taskDisable__C)
                  00015dcc    00000004     mss_mrr_per4f.oer4f (.const:ti_sysbios_family_arm_v7r_vim_Hwi_taskRestoreHwi__C)
                  00015dd0    00000004     mss_mrr_per4f.oer4f (.const:ti_sysbios_family_arm_v7r_vim_Hwi_wakeEnaSet__C)
                  00015dd4    00000004     mss_mrr_per4f.oer4f (.const:ti_sysbios_gates_GateMutex_A_badContext__C)
                  00015dd8    00000004     mss_mrr_per4f.oer4f (.const:ti_sysbios_gates_GateMutex_Instance_State_sem__O)
                  00015ddc    00000004     mss_mrr_per4f.oer4f (.const:ti_sysbios_gates_GateMutex_Module__diagsEnabled__C)
                  00015de0    00000004     mss_mrr_per4f.oer4f (.const:ti_sysbios_gates_GateMutex_Module__diagsIncluded__C)
                  00015de4    00000004     mss_mrr_per4f.oer4f (.const:ti_sysbios_gates_GateMutex_Module__diagsMask__C)
                  00015de8    00000004     mss_mrr_per4f.oer4f (.const:ti_sysbios_hal_Hwi_E_stackOverflow__C)
                  00015dec    00000004     mss_mrr_per4f.oer4f (.const:ti_sysbios_heaps_HeapBuf_Instance_State_freeList__O)
                  00015df0    00000004     mss_mrr_per4f.oer4f (.const:ti_sysbios_heaps_HeapBuf_Object__count__C)
                  00015df4    00000004     mss_mrr_per4f.oer4f (.const:ti_sysbios_heaps_HeapBuf_numConstructedHeaps__C)
                  00015df8    00000004     mss_mrr_per4f.oer4f (.const:ti_sysbios_heaps_HeapMem_A_align__C)
                  00015dfc    00000004     mss_mrr_per4f.oer4f (.const:ti_sysbios_heaps_HeapMem_A_heapSize__C)
                  00015e00    00000004     mss_mrr_per4f.oer4f (.const:ti_sysbios_heaps_HeapMem_A_invalidFree__C)
                  00015e04    00000004     mss_mrr_per4f.oer4f (.const:ti_sysbios_heaps_HeapMem_A_zeroBlock__C)
                  00015e08    00000004     mss_mrr_per4f.oer4f (.const:ti_sysbios_heaps_HeapMem_E_memory__C)
                  00015e0c    00000004     mss_mrr_per4f.oer4f (.const:ti_sysbios_heaps_HeapMem_Module__diagsEnabled__C)
                  00015e10    00000004     mss_mrr_per4f.oer4f (.const:ti_sysbios_heaps_HeapMem_Module__diagsIncluded__C)
                  00015e14    00000004     mss_mrr_per4f.oer4f (.const:ti_sysbios_heaps_HeapMem_Module__diagsMask__C)
                  00015e18    00000004     mss_mrr_per4f.oer4f (.const:ti_sysbios_heaps_HeapMem_Module__gateObj__C)
                  00015e1c    00000004     mss_mrr_per4f.oer4f (.const:ti_sysbios_heaps_HeapMem_Object__count__C)
                  00015e20    00000004     mss_mrr_per4f.oer4f (.const:ti_sysbios_heaps_HeapMem_reqAlign__C)
                  00015e24    00000004     mss_mrr_per4f.oer4f (.const:ti_sysbios_knl_Clock_LM_begin__C)
                  00015e28    00000004     mss_mrr_per4f.oer4f (.const:ti_sysbios_knl_Clock_LM_tick__C)
                  00015e2c    00000004     mss_mrr_per4f.oer4f (.const:ti_sysbios_knl_Clock_LW_delayed__C)
                  00015e30    00000004     mss_mrr_per4f.oer4f (.const:ti_sysbios_knl_Clock_Module_State_clockQ__O)
                  00015e34    00000004     mss_mrr_per4f.oer4f (.const:ti_sysbios_knl_Clock_Module__diagsEnabled__C)
[...]
00015e24  ti_sysbios_knl_Clock_LM_begin__C                                     
00015e28  ti_sysbios_knl_Clock_LM_tick__C                                      
00015e2c  ti_sysbios_knl_Clock_LW_delayed__C                                   
00015e30  ti_sysbios_knl_Clock_Module_State_clockQ__O                          
00015e34  ti_sysbios_knl_Clock_Module__diagsEnabled__C                         
00015e38  ti_sysbios_knl_Clock_Module__diagsIncluded__C                        
00015e3c  ti_sysbios_knl_Clock_Module__diagsMask__C                            
00015e40  ti_sysbios_knl_Clock_Module__loggerFxn1__C                           
00015e44  ti_sysbios_knl_Clock_Module__loggerFxn2__C                           
00015e48  ti_sysbios_knl_Clock_Module__loggerObj__C                            
00015e4c  ti_sysbios_knl_Event_A_nullEventId__C                                
00015e50  ti_sysbios_knl_Event_Instance_State_pendQ__O                         
00015e54  ti_sysbios_knl_Event_LM_post__C                                      
00015e58  ti_sysbios_knl_Event_Module__diagsEnabled__C                         
00015e5c  ti_sysbios_knl_Event_Module__diagsIncluded__C                        
00015e60  ti_sysbios_knl_Event_Module__diagsMask__C                            
00015e64  ti_sysbios_knl_Event_Module__loggerFxn4__C                           
00015e68  ti_sysbios_knl_Event_Module__loggerObj__C                            
00015e6c  ti_sysbios_knl_Idle_funcList__A                                      
00015e70  ti_sysbios_knl_Semaphore_A_badContext__C                             
00015e74  ti_sysbios_knl_Semaphore_A_noEvents__C                               
00015e78  ti_sysbios_knl_Semaphore_A_overflow__C                               
00015e7c  ti_sysbios_knl_Semaphore_A_pendTaskDisabled__C                       
00015e80  ti_sysbios_knl_Semaphore_Instance_State_pendQ__O                     
00015e84  ti_sysbios_knl_Semaphore_LM_pend__C                                  
00015e88  ti_sysbios_knl_Semaphore_LM_post__C                                  
00015e8c  ti_sysbios_knl_Semaphore_Module__diagsEnabled__C                     
00015e90  ti_sysbios_knl_Semaphore_Module__diagsIncluded__C                    
00015e94  ti_sysbios_knl_Semaphore_Module__diagsMask__C                        
00015e98  ti_sysbios_knl_Semaphore_Module__loggerFxn2__C                       
00015e9c  ti_sysbios_knl_Semaphore_Module__loggerFxn4__C                       
00015ea0  ti_sysbios_knl_Semaphore_Module__loggerObj__C                        
00015ea4  ti_sysbios_knl_Swi_LD_end__C                                         
00015ea8  ti_sysbios_knl_Swi_LM_begin__C                                       
00015eac  ti_sysbios_knl_Swi_LM_post__C                                        
00015eb0  ti_sysbios_knl_Swi_Module__diagsEnabled__C                           
00015eb4  ti_sysbios_knl_Swi_Module__diagsIncluded__C                          
00015eb8  ti_sysbios_knl_Swi_Module__diagsMask__C                              
00015ebc  ti_sysbios_knl_Swi_Module__loggerFxn1__C                             
00015ec0  ti_sysbios_knl_Swi_Module__loggerFxn4__C                             
00015ec4  ti_sysbios_knl_Swi_Module__loggerObj__C                              
00015ec8  ti_sysbios_knl_Swi_Object__count__C                                  
00015ecc  ti_sysbios_knl_Task_A_badPriority__C                                 
00015ed0  ti_sysbios_knl_Task_A_badTaskState__C                                
00015ed4  ti_sysbios_knl_Task_A_badThreadType__C                               
00015ed8  ti_sysbios_knl_Task_A_badTimeout__C                                  
00015edc  ti_sysbios_knl_Task_A_noPendElem__C                                  
00015ee0  ti_sysbios_knl_Task_A_sleepTaskDisabled__C                           
00015ee4  ti_sysbios_knl_Task_E_spOutOfBounds__C                               
00015ee8  ti_sysbios_knl_Task_E_stackOverflow__C                               
00015eec  ti_sysbios_knl_Task_LD_block__C                                      
00015ef0  ti_sysbios_knl_Task_LD_exit__C                                       
00015ef4  ti_sysbios_knl_Task_LD_ready__C                                      
00015ef8  ti_sysbios_knl_Task_LM_sleep__C                                      
00015efc  ti_sysbios_knl_Task_LM_switch__C                                     
00015f00  ti_sysbios_knl_Task_Module_State_inactiveQ__O                        
00015f04  ti_sysbios_knl_Task_Module__diagsEnabled__C                          
00015f08  ti_sysbios_knl_Task_Module__diagsIncluded__C                         
00015f0c  ti_sysbios_knl_Task_Module__diagsMask__C                             
00015f10  ti_sysbios_knl_Task_Module__loggerFxn2__C                            
00015f14  ti_sysbios_knl_Task_Module__loggerFxn4__C                            
00015f18  ti_sysbios_knl_Task_Module__loggerObj__C                             
00015f1c  ti_sysbios_knl_Task_Object__count__C                                 
00015f20  ti_sysbios_knl_Task_allBlockedFunc__C                                
00015f24  ti_sysbios_knl_Task_defaultStackHeap__C                              
00015f28  ti_sysbios_knl_Task_defaultStackSize__C                              
00015f2c  ti_sysbios_knl_Task_numConstructedTasks__C                           
00015f30  ti_sysbios_timers_rti_Timer_E_cannotSupport__C                       
00015f34  ti_sysbios_timers_rti_Timer_Module__diagsEnabled__C                  
00015f38  ti_sysbios_timers_rti_Timer_Module__diagsIncluded__C                 
00015f3c  ti_sysbios_timers_rti_Timer_Module__diagsMask__C                     
00015f40  ti_sysbios_timers_rti_Timer_numTimerDevices__C                       
00015f44  ti_sysbios_timers_rti_Timer_startupNeeded__C                         
00015f48  xdc_runtime_Assert_E_assertFailed__C                                 
00015f4c  xdc_runtime_Core_A_initializedParams__C                              
00015f50  xdc_runtime_Core_Module__diagsEnabled__C                             
00015f54  xdc_runtime_Core_Module__diagsIncluded__C                            
00015f58  xdc_runtime_Core_Module__diagsMask__C                                
00015f5c  xdc_runtime_Error_E_memory__C                                        
00015f60  xdc_runtime_Error_Module__diagsEnabled__C                            
00015f64  xdc_runtime_Error_Module__diagsIncluded__C                           
00015f68  xdc_runtime_Error_Module__diagsMask__C                               
00015f6c  xdc_runtime_Error_Module__loggerFxn8__C                              
00015f70  xdc_runtime_Error_Module__loggerObj__C                               
00015f74  xdc_runtime_Error_policyFxn__C                                       
00015f78  xdc_runtime_Error_policy__C                                          
00015f7c  xdc_runtime_Error_raiseHook__C                                       
00015f80  xdc_runtime_IGateProvider_Interface__BASE__C                         
00015f84  xdc_runtime_IHeap_Interface__BASE__C                                 
00015f88  xdc_runtime_IModule_Interface__BASE__C                               
00015f8c  xdc_runtime_Log_L_error__C                                           
00015f90  xdc_runtime_Memory_defaultHeapInstance__C                            
00015f94  xdc_runtime_Startup_execImpl__C                                      
00015f98  xdc_runtime_Startup_maxPasses__C                                     
00015f9c  xdc_runtime_Startup_sfxnRts__C                                       
00015fa0  xdc_runtime_Startup_sfxnTab__C                                       
00015fa4  xdc_runtime_System_Module__gateObj__C                                
00015fa8  xdc_runtime_System_abortFxn__C                                       
00015fac  xdc_runtime_System_exitFxn__C                                        
00015fb0  xdc_runtime_System_extendFxn__C                                      
00015fb4  xdc_runtime_System_maxAtexitHandlers__C                              
00015fb8  xdc_runtime_Text_charTab__C                                          
00015fbc  xdc_runtime_Text_nameEmpty__C                                        
00015fc0  xdc_runtime_Text_nameStatic__C                                       
00015fc4  xdc_runtime_Text_nameUnknown__C                                      
00015fc8  xdc_runtime_Text_nodeTab__C                                          
00015fcc  xdc_runtime_Text_visitRopeFxn__C                                     
00015fd0  ti_sysbios_family_arm_v7r_vim_Hwi_Module__id__C                      
00015fd2  ti_sysbios_family_arm_v7r_vim_Hwi_Module__loggerDefined__C           
00015fd4  ti_sysbios_gates_GateMutex_Module__id__C                             
00015fd6  ti_sysbios_hal_Hwi_Module__id__C                                     
00015fd8  ti_sysbios_heaps_HeapMem_Module__id__C                               
00015fda  ti_sysbios_knl_Clock_Module__id__C                                   
00015fdc  ti_sysbios_knl_Clock_Module__loggerDefined__C                        
00015fde  ti_sysbios_knl_Event_Module__id__C                                   
00015fe0  ti_sysbios_knl_Event_Module__loggerDefined__C                        
00015fe2  ti_sysbios_knl_Semaphore_Module__id__C                               
00015fe4  ti_sysbios_knl_Semaphore_Module__loggerDefined__C                    
00015fe6  ti_sysbios_knl_Swi_Module__id__C                                     
00015fe8  ti_sysbios_knl_Swi_Module__loggerDefined__C                          
00015fea  ti_sysbios_knl_Task_Module__id__C                                    
00015fec  ti_sysbios_knl_Task_Module__loggerDefined__C                         
00015fee  ti_sysbios_timers_rti_Timer_Module__id__C                            
00015ff0  ti_sysbios_timers_rti_Timer_continueOnSuspend__C                     
00015ff2  xdc_runtime_Core_Module__id__C                                       
00015ff4  xdc_runtime_Error_Module__loggerDefined__C                           
00015ff6  xdc_runtime_Error_maxDepth__C                                        
00015ff8  xdc_runtime_Main_Module__id__C                                       
00015ffa  xdc_runtime_Memory_Module__id__C                                     
00015ffc  xdc_runtime_Text_charCnt__C                                          
00015ffe  xdc_runtime_Text_isLoaded__C                                         
00016000  xdc_runtime_Text_registryModsLastId__C                               
00016002  xdc_runtime_Text_unnamedModsLastId__C                                
00016008  __TI_static_base__                                                   
00016314  __TI_Handler_Table_Base                                              
00016320  __TI_Handler_Table_Limit                                             
00016338  __TI_CINIT_Base                                                      
00016358  __TI_CINIT_Limit                                                     
08000000  ti_sysbios_heaps_HeapMem_Instance_State_0_buf__A                     
08008000  ti_sysbios_family_arm_exc_Exception_Module_State_0_excStack_0__A     
08009000  ti_sysbios_knl_Task_Instance_State_0_stack__A                        
08009800  gCLI                                                                 
080099a8  gGPIOMCB                                                             
08009b3c  __CIOBUF_                                                            
08009c5c  gMMWave_MCB                                                          
08009d5c  __TI_tmpnams                                                         
08009dfc  gEsmMCB                                                              
08009e6c  gMMWave_DualcoreMCB                                                  
08009e74  parmbuf                                                              
08009e80  __stack                                                              
0800ae80  __STACK_END                                                          
0800ae80  rl_txMsg                                                             
0800af80  rl_rxMsg                                                             
0800b268  ti_sysbios_family_arm_v7r_vim_Hwi_Module_State_0_dispatchTable__A    
0800b468  _ftable                                                              
0800b558  _lock                                                                
0800b55c  _unlock                                                              
0800b560  dataLength                                                           
0800b564  rxDataLength                                                         
0800b568  frameType                                                            
0800b56c  canHandle                                                            
0800b570  txMsgObjHandle                                                       
0800b574  txMsgObjectParams                                                    
0800b580  rxData                                                               
0800b5c0  gMrrMSSMCB                                                           
0800b630  ti_sysbios_knl_Swi_Module_State_0_readyQ__A                          
0800b6b0  ti_sysbios_knl_Task_Module_State_0_readyQ__A                         
0800b730  _device                                                              
0800b7a8  ti_sysbios_knl_Task_Object__table__V                                 
0800b804  gUartSciHwCfg                                                        
0800b85c  _stream                                                              
0800b8ac  gMailboxMCB                                                          
0800b8fc  ti_sysbios_knl_Task_Module__state__V                                 
0800b944  SOC_TranslateAddr_LUT                                                
0800b984  ti_sysbios_gates_GateMutex_Object__table__V                          
0800b9c4  ti_sysbios_timers_rti_Timer_Object__table__V                         
0800ba00  ti_sysbios_family_arm_v7r_vim_Hwi_Module__state__V                   
0800ba34  ti_sysbios_knl_Swi_Object__table__V                                  
0800ba64  ti_sysbios_family_arm_v7r_vim_Hwi_Object__table__V                   
0800ba90  ti_sysbios_knl_Clock_Module__state__V                                
0800babc  gUartSciFxnTable                                                     
0800bae4  gTxDoneFlag                                                          
0800bae8  gRxDoneFlag                                                          
0800baec  gParityErrFlag                                                       
0800baf0  gTxPkts                                                              
0800baf4  gRxPkts                                                              
0800baf8  gErrStatusInt                                                        
0800bafc  iterationCount                                                       
0800bb00  msgLstErrCnt                                                         
0800bb04  gDisplayStats                                                        
0800bb08  gSensPosVal                                                          
0800bb0c  UART_config                                                          
0800bb30  ti_sysbios_BIOS_Module__state__V                                     
0800bb54  gCanFdHwCfg                                                          
0800bb74  gCRCRegister                                                         
0800bb78  gSOCHwAttrib                                                         
0800bb98  xdc_runtime_Error_IgnoreBlock                                        
0800bbb8  xdc_runtime_System_Module_State_0_atexitHandlers__A                  
0800bbd8  ti_sysbios_knl_Swi_Module__state__V                                  
0800bbf4  gMailboxMssBssHwCfg                                                  
0800bc0c  gMailboxMssDssHwCfg                                                  
0800bc24  ti_sysbios_heaps_HeapMem_Object__table__V                            
0800bc3c  ti_sysbios_timers_rti_Timer_Module_State_0_device__A                 
0800bc54  ti_sysbios_family_arm_exc_Exception_Module__state__V                 
0800bc68  __TI_ft_end                                                          
0800bc6c  __aeabi_stdin                                                        
0800bc70  __aeabi_stdout                                                       
0800bc74  __aeabi_stderr                                                       
0800bc78  ti_sysbios_timers_rti_Timer_Module_State_0_intFreqs__A               
0800bc88  ti_sysbios_timers_rti_Timer_Module__state__V                         
0800bc98  __TI_cleanup_ptr                                                     
0800bc9c  __TI_dtors_ptr                                                       
0800bca0  __TI_enable_exit_profile_output                                      
0800bca4  gESMHwCfgAttrs                                                       
0800bcb0  gGPIOHwAtrrib                                                        
0800bcb8  ti_sysbios_family_arm_v7r_vim_Hwi_Module__root__V                    
0800bcc0  ti_sysbios_gates_GateHwi_Module__root__V                             
0800bcc8  ti_sysbios_gates_GateMutex_Module__root__V                           
0800bcd0  ti_sysbios_hal_Hwi_Object__table__V                                  
0800bcd8  ti_sysbios_heaps_HeapMem_Module__root__V                             
0800bce0  ti_sysbios_knl_Queue_Module__root__V                                 
0800bce8  ti_sysbios_knl_Semaphore_Module__root__V                             
0800bcf0  ti_sysbios_knl_Task_Module__root__V                                  
0800bcf8  ti_sysbios_timers_rti_Timer_Module_State_0_handles__A                
0800bd00  xdc_runtime_Registry_Module__state__V                                
0800bd08  xdc_runtime_Startup_Module__state__V                                 
0800bd10  xdc_runtime_System_Module__state__V                                  
0800bd18  gPinmuxRegs                                                          
0800bd20  errno                                                                
0800bd2c  main_func_sp                                                         
0800bd30  ti_sysbios_family_arm_exc_Exception_Module_State_0_excContext__A     
0800bd34  ti_sysbios_family_arm_exc_Exception_Module_State_0_excStackBuffers__A
0800bd38  ti_sysbios_family_arm_exc_Exception_Module_State_0_excStack__A       
0800bd3c  ti_sysbios_gates_GateHwi_Object__table__V                            
0800bd40  ti_sysbios_heaps_HeapBuf_Module__state__V                            
0800bd44  ti_sysbios_knl_Task_Module_State_0_idleTask__A                       
0800bd48  xdc_runtime_Memory_Module__state__V                                  
0800bd4c  ti_sysbios_family_arm_exc_Exception_Module_State_0_excActive__A      
0800bd4e  xdc_runtime_Error_Module__state__V                                   
0800bd50  ti_sysbios_family_arm_v7r_vim_Hwi_Module_State_0_fiqStack__A         
fffffdec  ti_sysbios_family_arm_v7r_vim_Hwi_vim                                
ffffffff  __TI_pprof_out_hndl                                                  
ffffffff  __TI_prof_data_size                                                  
ffffffff  __TI_prof_data_start                                                 
ffffffff  __binit__                                                            
ffffffff  __c_args__                                                           
ffffffff  binit                                                                
UNDEFED   SHT$$INIT_ARRAY$$Base                                                
UNDEFED   SHT$$INIT_ARRAY$$Limit                                               

[898 symbols]
